Component: ARM Compiler 5.06 update 7 (build 960) Tool: armlink [4d3601]

==============================================================================

Section Cross References

    main.o(i.EXTI15_10_IRQHandler) refers to delay.o(i.delay_xms) for delay_xms
    main.o(i.EXTI15_10_IRQHandler) refers to stm32f10x_exti.o(i.EXTI_GetITStatus) for EXTI_GetITStatus
    main.o(i.EXTI15_10_IRQHandler) refers to stm32f10x_gpio.o(i.GPIO_ReadInputDataBit) for GPIO_ReadInputDataBit
    main.o(i.EXTI15_10_IRQHandler) refers to gui.o(i.Show_Str) for Show_Str
    main.o(i.EXTI15_10_IRQHandler) refers to gui.o(i.LCD_ShowNum) for LCD_ShowNum
    main.o(i.EXTI15_10_IRQHandler) refers to queue.o(i.xQueueGiveFromISR) for xQueueGiveFromISR
    main.o(i.EXTI15_10_IRQHandler) refers to stm32f10x_exti.o(i.EXTI_ClearITPendingBit) for EXTI_ClearITPendingBit
    main.o(i.EXTI15_10_IRQHandler) refers to led.o(i.led_on) for led_on
    main.o(i.EXTI15_10_IRQHandler) refers to main.o(.data) for mark
    main.o(i.EXTI1_IRQHandler) refers to delay.o(i.delay_xms) for delay_xms
    main.o(i.EXTI1_IRQHandler) refers to stm32f10x_gpio.o(i.GPIO_ReadInputDataBit) for GPIO_ReadInputDataBit
    main.o(i.EXTI1_IRQHandler) refers to gui.o(i.Show_Str) for Show_Str
    main.o(i.EXTI1_IRQHandler) refers to gui.o(i.LCD_ShowNum) for LCD_ShowNum
    main.o(i.EXTI1_IRQHandler) refers to queue.o(i.xQueueGiveFromISR) for xQueueGiveFromISR
    main.o(i.EXTI1_IRQHandler) refers to stm32f10x_exti.o(i.EXTI_ClearITPendingBit) for EXTI_ClearITPendingBit
    main.o(i.EXTI1_IRQHandler) refers to main.o(.data) for flag
    main.o(i.Motoshow_task) refers to queue.o(i.xQueueGenericReceive) for xQueueGenericReceive
    main.o(i.Motoshow_task) refers to gui.o(i.Show_Str) for Show_Str
    main.o(i.Motoshow_task) refers to gui.o(i.LCD_ShowNum) for LCD_ShowNum
    main.o(i.Motoshow_task) refers to main.o(.data) for sig3
    main.o(i.TIM1_CC_IRQHandler) refers to stm32f10x_tim.o(i.TIM_GetITStatus) for TIM_GetITStatus
    main.o(i.TIM1_CC_IRQHandler) refers to stm32f10x_tim.o(i.TIM_GetCapture1) for TIM_GetCapture1
    main.o(i.TIM1_CC_IRQHandler) refers to stm32f10x_tim.o(i.TIM_OC1PolarityConfig) for TIM_OC1PolarityConfig
    main.o(i.TIM1_CC_IRQHandler) refers to stm32f10x_tim.o(i.TIM_SetCounter) for TIM_SetCounter
    main.o(i.TIM1_CC_IRQHandler) refers to stm32f10x_tim.o(i.TIM_ClearITPendingBit) for TIM_ClearITPendingBit
    main.o(i.TIM1_CC_IRQHandler) refers to queue.o(i.xQueueGenericSendFromISR) for xQueueGenericSendFromISR
    main.o(i.TIM1_CC_IRQHandler) refers to main.o(.data) for STA
    main.o(i.TIM2_IRQHandler) refers to stm32f10x_tim.o(i.TIM_GetITStatus) for TIM_GetITStatus
    main.o(i.TIM2_IRQHandler) refers to stm32f10x_tim.o(i.TIM_ClearITPendingBit) for TIM_ClearITPendingBit
    main.o(i.TIM2_IRQHandler) refers to queue.o(i.xQueueGiveFromISR) for xQueueGiveFromISR
    main.o(i.TIM2_IRQHandler) refers to main.o(.data) for sig3
    main.o(i.main) refers to misc.o(i.NVIC_PriorityGroupConfig) for NVIC_PriorityGroupConfig
    main.o(i.main) refers to delay.o(i.delay_init) for delay_init
    main.o(i.main) refers to usart.o(i.uart_init) for uart_init
    main.o(i.main) refers to mpu6050.o(i.MPU_Init) for MPU_Init
    main.o(i.main) refers to inv_mpu.o(i.mpu_dmp_init) for mpu_dmp_init
    main.o(i.main) refers to led.o(i.LED_Init) for LED_Init
    main.o(i.main) refers to beep.o(i.Beep_Init) for Beep_Init
    main.o(i.main) refers to us105.o(i.us105Init) for us105Init
    main.o(i.main) refers to timer.o(i.TIM3_PWM_Init) for TIM3_PWM_Init
    main.o(i.main) refers to exti.o(i.EXTIX_Init) for EXTIX_Init
    main.o(i.main) refers to lcd.o(i.LCD_Init) for LCD_Init
    main.o(i.main) refers to tasks.o(i.xTaskCreate) for xTaskCreate
    main.o(i.main) refers to tasks.o(i.vTaskStartScheduler) for vTaskStartScheduler
    main.o(i.main) refers to main.o(.data) for led1
    main.o(i.main) refers to main.o(i.start_task) for start_task
    main.o(i.mpu6050_task) refers to inv_mpu.o(i.mpu_dmp_get_data) for mpu_dmp_get_data
    main.o(i.mpu6050_task) refers to fmul.o(x$fpl$fmul) for __aeabi_fmul
    main.o(i.mpu6050_task) refers to ffix.o(x$fpl$ffix) for __aeabi_f2iz
    main.o(i.mpu6050_task) refers to gui.o(i.Show_Str) for Show_Str
    main.o(i.mpu6050_task) refers to gui.o(i.LCD_ShowNum) for LCD_ShowNum
    main.o(i.mpu6050_task) refers to stm32f10x_tim.o(i.TIM_SetCompare3) for TIM_SetCompare3
    main.o(i.mpu6050_task) refers to gui.o(i.LCD_Fill) for LCD_Fill
    main.o(i.mpu6050_task) refers to delay.o(i.delay_ms) for delay_ms
    main.o(i.pwm_task) refers to queue.o(i.xQueueGenericReceive) for xQueueGenericReceive
    main.o(i.pwm_task) refers to stm32f10x_tim.o(i.TIM_SetCompare3) for TIM_SetCompare3
    main.o(i.pwm_task) refers to main.o(.data) for sig1
    main.o(i.reverse_task) refers to queue.o(i.xQueueGenericReceive) for xQueueGenericReceive
    main.o(i.reverse_task) refers to stm32f10x_tim.o(i.TIM_SetCompare3) for TIM_SetCompare3
[...]
    EXTI4_IRQHandler                         0x0800028b   Thumb Code     0  startup_stm32f10x_md.o(.text)
    EXTI9_5_IRQHandler                       0x0800028b   Thumb Code     0  startup_stm32f10x_md.o(.text)
    FLASH_IRQHandler                         0x0800028b   Thumb Code     0  startup_stm32f10x_md.o(.text)
    I2C1_ER_IRQHandler                       0x0800028b   Thumb Code     0  startup_stm32f10x_md.o(.text)
    I2C1_EV_IRQHandler                       0x0800028b   Thumb Code     0  startup_stm32f10x_md.o(.text)
    I2C2_ER_IRQHandler                       0x0800028b   Thumb Code     0  startup_stm32f10x_md.o(.text)
    I2C2_EV_IRQHandler                       0x0800028b   Thumb Code     0  startup_stm32f10x_md.o(.text)
    PVD_IRQHandler                           0x0800028b   Thumb Code     0  startup_stm32f10x_md.o(.text)
    RCC_IRQHandler                           0x0800028b   Thumb Code     0  startup_stm32f10x_md.o(.text)
    RTCAlarm_IRQHandler                      0x0800028b   Thumb Code     0  startup_stm32f10x_md.o(.text)
    RTC_IRQHandler                           0x0800028b   Thumb Code     0  startup_stm32f10x_md.o(.text)
    SPI1_IRQHandler                          0x0800028b   Thumb Code     0  startup_stm32f10x_md.o(.text)
    SPI2_IRQHandler                          0x0800028b   Thumb Code     0  startup_stm32f10x_md.o(.text)
    TAMPER_IRQHandler                        0x0800028b   Thumb Code     0  startup_stm32f10x_md.o(.text)
    TIM1_BRK_IRQHandler                      0x0800028b   Thumb Code     0  startup_stm32f10x_md.o(.text)
    TIM1_TRG_COM_IRQHandler                  0x0800028b   Thumb Code     0  startup_stm32f10x_md.o(.text)
    TIM1_UP_IRQHandler                       0x0800028b   Thumb Code     0  startup_stm32f10x_md.o(.text)
    TIM3_IRQHandler                          0x0800028b   Thumb Code     0  startup_stm32f10x_md.o(.text)
    TIM4_IRQHandler                          0x0800028b   Thumb Code     0  startup_stm32f10x_md.o(.text)
    USART2_IRQHandler                        0x0800028b   Thumb Code     0  startup_stm32f10x_md.o(.text)
    USART3_IRQHandler                        0x0800028b   Thumb Code     0  startup_stm32f10x_md.o(.text)
    USBWakeUp_IRQHandler                     0x0800028b   Thumb Code     0  startup_stm32f10x_md.o(.text)
    USB_HP_CAN1_TX_IRQHandler                0x0800028b   Thumb Code     0  startup_stm32f10x_md.o(.text)
    USB_LP_CAN1_RX0_IRQHandler               0x0800028b   Thumb Code     0  startup_stm32f10x_md.o(.text)
    WWDG_IRQHandler                          0x0800028b   Thumb Code     0  startup_stm32f10x_md.o(.text)
    __user_initial_stackheap                 0x0800028d   Thumb Code     0  startup_stm32f10x_md.o(.text)
    __use_no_semihosting                     0x080002b1   Thumb Code     2  use_no_semi_2.o(.text)
    __aeabi_ldivmod                          0x080002b3   Thumb Code     0  llsdiv.o(.text)
    _ll_sdiv                                 0x080002b3   Thumb Code    72  llsdiv.o(.text)
    __2printf                                0x080002fd   Thumb Code    20  noretval__2printf.o(.text)
    _printf_str                              0x08000315   Thumb Code    82  _printf_str.o(.text)
    _printf_int_dec                          0x08000369   Thumb Code   104  _printf_dec.o(.text)
    __printf                                 0x080003e1   Thumb Code   308  __printf_flags_wp.o(.text)
    memcmp                                   0x08000519   Thumb Code    88  memcmp.o(.text)
    __aeabi_memcpy                           0x08000571   Thumb Code     0  rt_memcpy_v6.o(.text)
    __rt_memcpy                              0x08000571   Thumb Code   138  rt_memcpy_v6.o(.text)
    _memcpy_lastbytes                        0x080005d7   Thumb Code     0  rt_memcpy_v6.o(.text)
    __aeabi_memset                           0x080005fb   Thumb Code    16  aeabi_memset.o(.text)
    __use_two_region_memory                  0x0800060b   Thumb Code     2  heapauxi.o(.text)
    __rt_heap_escrow$2region                 0x0800060d   Thumb Code     2  heapauxi.o(.text)
    __rt_heap_expand$2region                 0x0800060f   Thumb Code     2  heapauxi.o(.text)
    __I$use$semihosting                      0x08000611   Thumb Code     0  use_no_semi.o(.text)
    __use_no_semihosting_swi                 0x08000611   Thumb Code     2  use_no_semi.o(.text)
    __aeabi_uldivmod                         0x08000613   Thumb Code     0  lludivv7m.o(.text)
    _ll_udiv                                 0x08000613   Thumb Code   238  lludivv7m.o(.text)
    __read_errno                             0x08000701   Thumb Code    10  _rserrno.o(.text)
    __set_errno                              0x0800070b   Thumb Code    12  _rserrno.o(.text)
    _printf_int_common                       0x08000717   Thumb Code   178  _printf_intcommon.o(.text)
    _printf_char_common                      0x080007d3   Thumb Code    32  _printf_char_common.o(.text)
    _printf_cs_common                        0x080007f9   Thumb Code    20  _printf_char.o(.text)
    _printf_char                             0x0800080d   Thumb Code    16  _printf_char.o(.text)
    _printf_string                           0x0800081d   Thumb Code     8  _printf_char.o(.text)
    _printf_char_file                        0x08000825   Thumb Code    32  _printf_char_file.o(.text)
    __aeabi_memcpy4                          0x08000849   Thumb Code     0  rt_memcpy_w.o(.text)
    __aeabi_memcpy8                          0x08000849   Thumb Code     0  rt_memcpy_w.o(.text)
    __rt_memcpy_w                            0x08000849   Thumb Code   100  rt_memcpy_w.o(.text)
    _memcpy_lastbytes_aligned                0x08000891   Thumb Code     0  rt_memcpy_w.o(.text)
    __aeabi_memclr                           0x080008ad   Thumb Code     0  rt_memclr.o(.text)
    __rt_memclr                              0x080008ad   Thumb Code    68  rt_memclr.o(.text)
    _memset                                  0x080008b1   Thumb Code     0  rt_memclr.o(.text)
    __aeabi_errno_addr                       0x080008f1   Thumb Code     8  rt_errno_addr_intlibspace.o(.text)
    __errno$intlibspace                      0x080008f1   Thumb Code     0  rt_errno_addr_intlibspace.o(.text)
    __rt_errno_addr$intlibspace              0x080008f1   Thumb Code     0  rt_errno_addr_intlibspace.o(.text)
    ferror                                   0x080008f9   Thumb Code     8  ferror.o(.text)
    __aeabi_memclr4                          0x08000901   Thumb Code     0  rt_memclr_w.o(.text)
    __aeabi_memclr8                          0x08000901   Thumb Code     0  rt_memclr_w.o(.text)
    __rt_memclr_w                            0x08000901   Thumb Code    78  rt_memclr_w.o(.text)
    _memset_w                                0x08000905   Thumb Code     0  rt_memclr_w.o(.text)
    __user_libspace                          0x08000951   Thumb Code     8  libspace.o(.text)
    __user_perproc_libspace                  0x08000951   Thumb Code     0  libspace.o(.text)
    __user_perthread_libspace                0x08000951   Thumb Code     0  libspace.o(.text)
    __user_setup_stackheap                   0x08000959   Thumb Code    74  sys_stackheap_outer.o(.text)
    exit                                     0x080009a3   Thumb Code    18  exit.o(.text)
    Beep_Init                                0x080009b5   Thumb Code   130  beep.o(i.Beep_Init)
    Beep_config                              0x08000a55   Thumb Code    38  beep.o(i.Beep_config)
    Beep_off                                 0x08000a7b   Thumb Code    14  beep.o(i.Beep_off)
    Beep_on                                  0x08000a89   Thumb Code    14  beep.o(i.Beep_on)
    BusFault_Handler                         0x08000a97   Thumb Code     4  stm32f10x_it.o(i.BusFault_Handler)
    DebugMon_Handler                         0x08000a9b   Thumb Code     2  stm32f10x_it.o(i.DebugMon_Handler)
    EXTI15_10_IRQHandler                     0x08000a9d   Thumb Code   162  main.o(i.EXTI15_10_IRQHandler)
    EXTI1_IRQHandler                         0x08000b5d   Thumb Code   124  main.o(i.EXTI1_IRQHandler)
    EXTIX_Init                               0x08000bf1   Thumb Code   214  exti.o(i.EXTIX_Init)
    EXTI_ClearITPendingBit                   0x08000ccd   Thumb Code     6  stm32f10x_exti.o(i.EXTI_ClearITPendingBit)
    EXTI_GetITStatus                         0x08000cd9   Thumb Code    34  stm32f10x_exti.o(i.EXTI_GetITStatus)
    EXTI_Init                                0x08000d01   Thumb Code   142  stm32f10x_exti.o(i.EXTI_Init)
    GPIO_EXTILineConfig                      0x08000d95   Thumb Code    60  stm32f10x_gpio.o(i.GPIO_EXTILineConfig)
    GPIO_Init                                0x08000dd5   Thumb Code   278  stm32f10x_gpio.o(i.GPIO_Init)
    GPIO_ReadInputDataBit                    0x08000eeb   Thumb Code    18  stm32f10x_gpio.o(i.GPIO_ReadInputDataBit)
    GPIO_ResetBits                           0x08000efd   Thumb Code     4  stm32f10x_gpio.o(i.GPIO_ResetBits)
    GPIO_SetBits                             0x08000f01   Thumb Code     4  stm32f10x_gpio.o(i.GPIO_SetBits)
    GUI_DrawFont16                           0x08000f05   Thumb Code   252  gui.o(i.GUI_DrawFont16)
    GUI_DrawFont24                           0x0800100d   Thumb Code   268  gui.o(i.GUI_DrawFont24)
    GUI_DrawFont32                           0x08001125   Thumb Code   252  gui.o(i.GUI_DrawFont32)
    HardFault_Handler                        0x0800122d   Thumb Code     4  stm32f10x_it.o(i.HardFault_Handler)
    LCD_Clear                                0x08001231   Thumb Code    88  lcd.o(i.LCD_Clear)
    LCD_DrawPoint                            0x08001291   Thumb Code    24  lcd.o(i.LCD_DrawPoint)
    LCD_Fill                                 0x080012ad   Thumb Code   110  gui.o(i.LCD_Fill)
    LCD_GPIOInit                             0x08001321   Thumb Code    40  lcd.o(i.LCD_GPIOInit)
    LCD_Init                                 0x0800134d   Thumb Code   570  lcd.o(i.LCD_Init)
    LCD_RESET                                0x0800158d   Thumb Code    34  lcd.o(i.LCD_RESET)
    LCD_SetCursor                            0x080015b5   Thumb Code    20  lcd.o(i.LCD_SetCursor)
    LCD_SetWindows                           0x080015c9   Thumb Code    84  lcd.o(i.LCD_SetWindows)
    LCD_ShowChar                             0x08001621   Thumb Code   276  gui.o(i.LCD_ShowChar)
    LCD_ShowNum                              0x08001745   Thumb Code   168  gui.o(i.LCD_ShowNum)
    LCD_WR_DATA                              0x080017f5   Thumb Code    38  lcd.o(i.LCD_WR_DATA)
    LCD_WR_REG                               0x08001825   Thumb Code    36  lcd.o(i.LCD_WR_REG)
    LCD_WriteRAM_Prepare                     0x08001851   Thumb Code    12  lcd.o(i.LCD_WriteRAM_Prepare)
    LCD_WriteReg                             0x08001861   Thumb Code    20  lcd.o(i.LCD_WriteReg)
    LCD_direction                            0x08001875   Thumb Code   120  lcd.o(i.LCD_direction)
    LED_Init                                 0x080018f1   Thumb Code   130  led.o(i.LED_Init)
    Lcd_WriteData_16Bit                      0x08001991   Thumb Code    46  lcd.o(i.Lcd_WriteData_16Bit)
    MPU_IIC_Ack                              0x080019c9   Thumb Code    62  mpuiic.o(i.MPU_IIC_Ack)
    MPU_IIC_Delay                            0x08001a15   Thumb Code    10  mpuiic.o(i.MPU_IIC_Delay)
    MPU_IIC_Init                             0x08001a21   Thumb Code    50  mpuiic.o(i.MPU_IIC_Init)
    MPU_IIC_NAck                             0x08001a59   Thumb Code    62  mpuiic.o(i.MPU_IIC_NAck)
    MPU_IIC_Read_Byte                        0x08001aa5   Thumb Code    94  mpuiic.o(i.MPU_IIC_Read_Byte)
    MPU_IIC_Send_Byte                        0x08001b11   Thumb Code    80  mpuiic.o(i.MPU_IIC_Send_Byte)
    MPU_IIC_Start                            0x08001b6d   Thumb Code    64  mpuiic.o(i.MPU_IIC_Start)
    MPU_IIC_Stop                             0x08001bb9   Thumb Code    58  mpuiic.o(i.MPU_IIC_Stop)
    MPU_IIC_Wait_Ack                         0x08001c01   Thumb Code    86  mpuiic.o(i.MPU_IIC_Wait_Ack)
    MPU_Init                                 0x08001c65   Thumb Code   122  mpu6050.o(i.MPU_Init)
    MPU_Read_Byte                            0x08001cdf   Thumb Code    58  mpu6050.o(i.MPU_Read_Byte)
    MPU_Read_Len                             0x08001d19   Thumb Code   116  mpu6050.o(i.MPU_Read_Len)
    MPU_Set_Accel_Fsr                        0x08001d8d   Thumb Code    16  mpu6050.o(i.MPU_Set_Accel_Fsr)
    MPU_Set_Gyro_Fsr                         0x08001d9d   Thumb Code    16  mpu6050.o(i.MPU_Set_Gyro_Fsr)
    MPU_Set_LPF                              0x08001dad   Thumb Code    58  mpu6050.o(i.MPU_Set_LPF)
    MPU_Set_Rate                             0x08001de7   Thumb Code    58  mpu6050.o(i.MPU_Set_Rate)
    MPU_Write_Byte                           0x08001e21   Thumb Code    68  mpu6050.o(i.MPU_Write_Byte)
    MPU_Write_Len                            0x08001e65   Thumb Code    96  mpu6050.o(i.MPU_Write_Len)
    MemManage_Handler                        0x08001ec5   Thumb Code     4  stm32f10x_it.o(i.MemManage_Handler)
    NMI_Handler                              0x08001f39   Thumb Code     2  stm32f10x_it.o(i.NMI_Handler)
    NVIC_Init                                0x08001f3d   Thumb Code   100  misc.o(i.NVIC_Init)
    NVIC_PriorityGroupConfig                 0x08001fad   Thumb Code    10  misc.o(i.NVIC_PriorityGroupConfig)
    RCC_APB1PeriphClockCmd                   0x08001fc1   Thumb Code    26  stm32f10x_rcc.o(i.RCC_APB1PeriphClockCmd)
    RCC_APB2PeriphClockCmd                   0x08001fe1   Thumb Code    26  stm32f10x_rcc.o(i.RCC_APB2PeriphClockCmd)
    RCC_GetClocksFreq                        0x08002001   Thumb Code   192  stm32f10x_rcc.o(i.RCC_GetClocksFreq)
    SPI1_Init                                0x080020d5   Thumb Code   144  spi.o(i.SPI1_Init)
    SPI_Cmd                                  0x0800216d   Thumb Code    24  stm32f10x_spi.o(i.SPI_Cmd)
    SPI_Init                                 0x08002185   Thumb Code    60  stm32f10x_spi.o(i.SPI_Init)
    SPI_WriteByte                            0x080021c1   Thumb Code    34  spi.o(i.SPI_WriteByte)
    Show_Str                                 0x080022cd   Thumb Code   264  gui.o(i.Show_Str)
    SysTick_CLKSourceConfig                  0x080023d9   Thumb Code    40  misc.o(i.SysTick_CLKSourceConfig)
    SysTick_Handler                          0x08002401   Thumb Code    16  delay.o(i.SysTick_Handler)
    SystemInit                               0x08002411   Thumb Code    78  system_stm32f10x.o(i.SystemInit)
    TIM1_CC_IRQHandler                       0x080026b1   Thumb Code   150  main.o(i.TIM1_CC_IRQHandler)
    TIM1_Cap_Init                            0x0800275d   Thumb Code   158  timer.o(i.TIM1_Cap_Init)
    TIM2_IRQHandler                          0x08002809   Thumb Code    56  main.o(i.TIM2_IRQHandler)
    TIM2_Int_Init                            0x08002849   Thumb Code    92  timer.o(i.TIM2_Int_Init)
    TIM3_PWM_Init                            0x080028a5   Thumb Code   122  timer.o(i.TIM3_PWM_Init)
    TIM_ClearITPendingBit                    0x08002929   Thumb Code     6  stm32f10x_tim.o(i.TIM_ClearITPendingBit)
    TIM_Cmd                                  0x0800292f   Thumb Code    24  stm32f10x_tim.o(i.TIM_Cmd)
    TIM_GetCapture1                          0x08002947   Thumb Code     6  stm32f10x_tim.o(i.TIM_GetCapture1)
    TIM_GetITStatus                          0x0800294d   Thumb Code    34  stm32f10x_tim.o(i.TIM_GetITStatus)
    TIM_ICInit                               0x08002971   Thumb Code   150  stm32f10x_tim.o(i.TIM_ICInit)
    TIM_ITConfig                             0x08002a1d   Thumb Code    18  stm32f10x_tim.o(i.TIM_ITConfig)
    TIM_OC1PolarityConfig                    0x08002a2f   Thumb Code    18  stm32f10x_tim.o(i.TIM_OC1PolarityConfig)
    TIM_OC3Init                              0x08002a41   Thumb Code   150  stm32f10x_tim.o(i.TIM_OC3Init)
    TIM_OC3PreloadConfig                     0x08002ae1   Thumb Code    18  stm32f10x_tim.o(i.TIM_OC3PreloadConfig)
    TIM_SetCompare3                          0x08002af3   Thumb Code     4  stm32f10x_tim.o(i.TIM_SetCompare3)
    TIM_SetCounter                           0x08002af7   Thumb Code     4  stm32f10x_tim.o(i.TIM_SetCounter)
    TIM_SetIC1Prescaler                      0x08002afb   Thumb Code    18  stm32f10x_tim.o(i.TIM_SetIC1Prescaler)
    TIM_SetIC2Prescaler                      0x08002b0d   Thumb Code    26  stm32f10x_tim.o(i.TIM_SetIC2Prescaler)
    TIM_SetIC3Prescaler                      0x08002b27   Thumb Code    18  stm32f10x_tim.o(i.TIM_SetIC3Prescaler)
    TIM_SetIC4Prescaler                      0x08002b39   Thumb Code    26  stm32f10x_tim.o(i.TIM_SetIC4Prescaler)
    TIM_TimeBaseInit                         0x08002b55   Thumb Code   122  stm32f10x_tim.o(i.TIM_TimeBaseInit)
    USART1_IRQHandler                        0x08002bf9   Thumb Code   122  usart.o(i.USART1_IRQHandler)
    USART_Cmd                                0x08002c81   Thumb Code    24  stm32f10x_usart.o(i.USART_Cmd)
    USART_DMACmd                             0x08002c99   Thumb Code    18  stm32f10x_usart.o(i.USART_DMACmd)
    USART_GetITStatus                        0x08002cab   Thumb Code    84  stm32f10x_usart.o(i.USART_GetITStatus)
    USART_Init                               0x08002d01   Thumb Code   210  stm32f10x_usart.o(i.USART_Init)
    USART_ReceiveData                        0x08002dd9   Thumb Code    10  stm32f10x_usart.o(i.USART_ReceiveData)
    UsageFault_Handler                       0x08002de3   Thumb Code     4  stm32f10x_it.o(i.UsageFault_Handler)
    __ARM_fpclassify                         0x08002de7   Thumb Code    40  fpclassify.o(i.__ARM_fpclassify)
    __kernel_poly                            0x08002e0f   Thumb Code   170  poly.o(i.__kernel_poly)
    __mathlib_dbl_infnan                     0x08002eb9   Thumb Code     6  dunder.o(i.__mathlib_dbl_infnan)
    __mathlib_dbl_infnan2                    0x08002ebf   Thumb Code     4  dunder.o(i.__mathlib_dbl_infnan2)
    __mathlib_dbl_invalid                    0x08002ec3   Thumb Code    12  dunder.o(i.__mathlib_dbl_invalid)
    __mathlib_dbl_underflow                  0x08002ed1   Thumb Code    10  dunder.o(i.__mathlib_dbl_underflow)
    _is_digit                                0x08002ee1   Thumb Code    14  __printf_wp.o(i._is_digit)
    _sys_exit                                0x08002eef   Thumb Code     4  usart.o(i._sys_exit)
    asin                                     0x08002f9d   Thumb Code   572  asin.o(i.asin)
    atan                                     0x0800320d   Thumb Code   474  atan.o(i.atan)
    atan2                                    0x0800342d   Thumb Code   374  atan2.o(i.atan2)
    delay_init                               0x0800362d   Thumb Code    74  delay.o(i.delay_init)
    delay_ms                                 0x08003689   Thumb Code    60  delay.o(i.delay_ms)
    delay_us                                 0x080036c9   Thumb Code    68  delay.o(i.delay_us)
    delay_xms                                0x08003711   Thumb Code    24  delay.o(i.delay_xms)
    dmp_enable_6x_lp_quat                    0x08003729   Thumb Code    60  inv_mpu_dmp_motion_driver.o(i.dmp_enable_6x_lp_quat)
    dmp_enable_feature                       0x08003765   Thumb Code   530  inv_mpu_dmp_motion_driver.o(i.dmp_enable_feature)
    dmp_enable_gyro_cal                      0x08003981   Thumb Code    62  inv_mpu_dmp_motion_driver.o(i.dmp_enable_gyro_cal)
    dmp_enable_lp_quat                       0x080039d9   Thumb Code    60  inv_mpu_dmp_motion_driver.o(i.dmp_enable_lp_quat)
    dmp_load_motion_driver_firmware          0x08003a15   Thumb Code    20  inv_mpu_dmp_motion_driver.o(i.dmp_load_motion_driver_firmware)
    dmp_read_fifo                            0x08003a2d   Thumb Code   456  inv_mpu_dmp_motion_driver.o(i.dmp_read_fifo)
    dmp_set_accel_bias                       0x08003bf9   Thumb Code   300  inv_mpu_dmp_motion_driver.o(i.dmp_set_accel_bias)
    dmp_set_fifo_rate                        0x08003d29   Thumb Code    96  inv_mpu_dmp_motion_driver.o(i.dmp_set_fifo_rate)
    dmp_set_gyro_bias                        0x08003d99   Thumb Code   294  inv_mpu_dmp_motion_driver.o(i.dmp_set_gyro_bias)
    dmp_set_orientation                      0x08003ec9   Thumb Code   290  inv_mpu_dmp_motion_driver.o(i.dmp_set_orientation)
    dmp_set_shake_reject_thresh              0x08004001   Thumb Code    56  inv_mpu_dmp_motion_driver.o(i.dmp_set_shake_reject_thresh)
    dmp_set_shake_reject_time                0x08004039   Thumb Code    38  inv_mpu_dmp_motion_driver.o(i.dmp_set_shake_reject_time)
    dmp_set_shake_reject_timeout             0x0800405f   Thumb Code    38  inv_mpu_dmp_motion_driver.o(i.dmp_set_shake_reject_timeout)
    dmp_set_tap_axes                         0x08004085   Thumb Code    70  inv_mpu_dmp_motion_driver.o(i.dmp_set_tap_axes)
    dmp_set_tap_count                        0x080040cb   Thumb Code    38  inv_mpu_dmp_motion_driver.o(i.dmp_set_tap_count)
    dmp_set_tap_thresh                       0x080040f1   Thumb Code   396  inv_mpu_dmp_motion_driver.o(i.dmp_set_tap_thresh)
    dmp_set_tap_time                         0x08004291   Thumb Code    38  inv_mpu_dmp_motion_driver.o(i.dmp_set_tap_time)
    dmp_set_tap_time_multi                   0x080042b7   Thumb Code    38  inv_mpu_dmp_motion_driver.o(i.dmp_set_tap_time_multi)
    fputc                                    0x080042dd   Thumb Code    24  usart.o(i.fputc)
    inv_orientation_matrix_to_scalar         0x08004929   Thumb Code    40  inv_mpu.o(i.inv_orientation_matrix_to_scalar)
    inv_row_2_scale                          0x08004951   Thumb Code    78  inv_mpu.o(i.inv_row_2_scale)
    led_config                               0x0800499f   Thumb Code    38  led.o(i.led_config)
    led_off                                  0x080049c5   Thumb Code    14  led.o(i.led_off)
    led_on                                   0x080049d3   Thumb Code    14  led.o(i.led_on)
    main                                     0x080049e1   Thumb Code   112  main.o(i.main)
    mget_ms                                  0x08004a7d   Thumb Code     2  inv_mpu.o(i.mget_ms)
    mpu_configure_fifo                       0x08004bb5   Thumb Code   106  inv_mpu.o(i.mpu_configure_fifo)
    mpu_dmp_get_data                         0x08004c25   Thumb Code   544  inv_mpu.o(i.mpu_dmp_get_data)
    mpu_dmp_init                             0x08004e49   Thumb Code   154  inv_mpu.o(i.mpu_dmp_init)
    mpu_get_accel_fsr                        0x08004ee9   Thumb Code    72  inv_mpu.o(i.mpu_get_accel_fsr)
    mpu_get_accel_sens                       0x08004f35   Thumb Code    78  inv_mpu.o(i.mpu_get_accel_sens)
    mpu_get_fifo_config                      0x08004f89   Thumb Code    12  inv_mpu.o(i.mpu_get_fifo_config)
    mpu_get_gyro_fsr                         0x08004f99   Thumb Code    64  inv_mpu.o(i.mpu_get_gyro_fsr)
    mpu_get_gyro_sens                        0x08004fdd   Thumb Code    58  inv_mpu.o(i.mpu_get_gyro_sens)
    mpu_get_lpf                              0x0800502d   Thumb Code    74  inv_mpu.o(i.mpu_get_lpf)
    mpu_get_sample_rate                      0x0800507d   Thumb Code    26  inv_mpu.o(i.mpu_get_sample_rate)
    mpu_init                                 0x0800509d   Thumb Code   416  inv_mpu.o(i.mpu_init)
    mpu_load_firmware                        0x0800528d   Thumb Code   180  inv_mpu.o(i.mpu_load_firmware)
    mpu_lp_accel_mode                        0x08005345   Thumb Code   218  inv_mpu.o(i.mpu_lp_accel_mode)
    mpu_read_fifo_stream                     0x08005425   Thumb Code   186  inv_mpu.o(i.mpu_read_fifo_stream)
    mpu_read_mem                             0x080054e5   Thumb Code   122  inv_mpu.o(i.mpu_read_mem)
    mpu_reset_fifo                           0x08005565   Thumb Code   450  inv_mpu.o(i.mpu_reset_fifo)
    mpu_run_self_test                        0x0800572d   Thumb Code   278  inv_mpu.o(i.mpu_run_self_test)
    mpu_set_accel_fsr                        0x08005849   Thumb Code   126  inv_mpu.o(i.mpu_set_accel_fsr)
    mpu_set_bypass                           0x080058cd   Thumb Code   328  inv_mpu.o(i.mpu_set_bypass)
    mpu_set_dmp_state                        0x08005a19   Thumb Code   138  inv_mpu.o(i.mpu_set_dmp_state)
    mpu_set_gyro_fsr                         0x08005aa9   Thumb Code   132  inv_mpu.o(i.mpu_set_gyro_fsr)
    mpu_set_int_latched                      0x08005b31   Thumb Code   102  inv_mpu.o(i.mpu_set_int_latched)
    mpu_set_lpf                              0x08005b9d   Thumb Code   126  inv_mpu.o(i.mpu_set_lpf)
    mpu_set_sample_rate                      0x08005c21   Thumb Code   152  inv_mpu.o(i.mpu_set_sample_rate)
    mpu_set_sensors                          0x08005cbd   Thumb Code   202  inv_mpu.o(i.mpu_set_sensors)
    mpu_write_mem                            0x08005d8d   Thumb Code   122  inv_mpu.o(i.mpu_write_mem)
    mypow                                    0x08005e0d   Thumb Code    22  gui.o(i.mypow)
    pvPortMalloc                             0x08006919   Thumb Code   262  heap_4.o(i.pvPortMalloc)
    pvTaskIncrementMutexHeldCount            0x08006a6d   Thumb Code    26  tasks.o(i.pvTaskIncrementMutexHeldCount)
    pxPortInitialiseStack                    0x08006ab5   Thumb Code    30  port.o(i.pxPortInitialiseStack)
    run_self_test                            0x08006b01   Thumb Code   148  inv_mpu.o(i.run_self_test)
    sqrt                                     0x08006c25   Thumb Code    76  sqrt.o(i.sqrt)
    uart_init                                0x08006df9   Thumb Code   150  usart.o(i.uart_init)
    us105Init                                0x08006e99   Thumb Code   130  us105.o(i.us105Init)
    us105_Start                              0x08006f39   Thumb Code    28  us105.o(i.us105_Start)
    us105_config                             0x08006f55   Thumb Code    32  us105.o(i.us105_config)
    uxListRemove                             0x08007031   Thumb Code    40  list.o(i.uxListRemove)
    vListInitialise                          0x08007059   Thumb Code    26  list.o(i.vListInitialise)
    vListInitialiseItem                      0x08007073   Thumb Code     6  list.o(i.vListInitialiseItem)
    vListInsert                              0x08007079   Thumb Code    52  list.o(i.vListInsert)
    vListInsertEnd                           0x080070ad   Thumb Code    24  list.o(i.vListInsertEnd)
    vPortEnterCritical                       0x080070c5   Thumb Code    68  port.o(i.vPortEnterCritical)
    vPortExitCritical                        0x0800714d   Thumb Code    48  port.o(i.vPortExitCritical)
    vPortFree                                0x080071bd   Thumb Code   120  heap_4.o(i.vPortFree)
    vPortSetupTimerInterrupt                 0x08007275   Thumb Code    26  port.o(i.vPortSetupTimerInterrupt)
    vPortValidateInterruptPriority           0x08007295   Thumb Code    86  port.o(i.vPortValidateInterruptPriority)
    vQueueAddToRegistry                      0x08007335   Thumb Code    38  queue.o(i.vQueueAddToRegistry)
    vQueueWaitForMessageRestricted           0x08007361   Thumb Code    74  queue.o(i.vQueueWaitForMessageRestricted)
    vTaskDelay                               0x080073ad   Thumb Code    72  tasks.o(i.vTaskDelay)
    vTaskDelete                              0x08007421   Thumb Code   192  tasks.o(i.vTaskDelete)
    vTaskMissedYield                         0x0800752d   Thumb Code     8  tasks.o(i.vTaskMissedYield)
    vTaskPlaceOnEventList                    0x08007539   Thumb Code    42  tasks.o(i.vTaskPlaceOnEventList)
    vTaskPlaceOnEventListRestricted          0x0800758d   Thumb Code    50  tasks.o(i.vTaskPlaceOnEventListRestricted)
    vTaskPriorityInherit                     0x080075e9   Thumb Code   164  tasks.o(i.vTaskPriorityInherit)
    vTaskSetTimeOutState                     0x08007699   Thumb Code    32  tasks.o(i.vTaskSetTimeOutState)
    vTaskStartScheduler                      0x080076e5   Thumb Code   108  tasks.o(i.vTaskStartScheduler)
    vTaskSuspendAll                          0x08007791   Thumb Code    12  tasks.o(i.vTaskSuspendAll)
    vTaskSwitchContext                       0x080077a1   Thumb Code   110  tasks.o(i.vTaskSwitchContext)
    xPortStartScheduler                      0x08007849   Thumb Code   140  port.o(i.xPortStartScheduler)
    xPortSysTickHandler                      0x080078e9   Thumb Code    46  port.o(i.xPortSysTickHandler)
    xQueueGenericCreate                      0x0800791d   Thumb Code    78  queue.o(i.xQueueGenericCreate)
    xQueueGenericReceive                     0x08007991   Thumb Code   416  queue.o(i.xQueueGenericReceive)
    xQueueGenericReset                       0x08007b59   Thumb Code   136  queue.o(i.xQueueGenericReset)
    xQueueGenericSend                        0x08007c09   Thumb Code   412  queue.o(i.xQueueGenericSend)
    xQueueGenericSendFromISR                 0x08007dcd   Thumb Code   234  queue.o(i.xQueueGenericSendFromISR)
    xQueueGiveFromISR                        0x08007edd   Thumb Code   216  queue.o(i.xQueueGiveFromISR)
    xTaskCheckForTimeOut                     0x08007fd9   Thumb Code   116  tasks.o(i.xTaskCheckForTimeOut)
    xTaskCreate                              0x08008079   Thumb Code    96  tasks.o(i.xTaskCreate)
    xTaskGetSchedulerState                   0x080080d9   Thumb Code    24  tasks.o(i.xTaskGetSchedulerState)
    xTaskGetTickCount                        0x080080f9   Thumb Code     6  tasks.o(i.xTaskGetTickCount)
    xTaskIncrementTick                       0x08008105   Thumb Code   272  tasks.o(i.xTaskIncrementTick)
    xTaskPriorityDisinherit                  0x08008265   Thumb Code   168  tasks.o(i.xTaskPriorityDisinherit)
    xTaskRemoveFromEventList                 0x0800833d   Thumb Code   118  tasks.o(i.xTaskRemoveFromEventList)
    xTaskResumeAll                           0x080083f1   Thumb Code   214  tasks.o(i.xTaskResumeAll)
    xTimerCreateTimerTask                    0x08008511   Thumb Code    56  timers.o(i.xTimerCreateTimerTask)
    xTimerGenericCommand                     0x08008585   Thumb Code   118  timers.o(i.xTimerGenericCommand)
    __aeabi_d2f                              0x08008629   Thumb Code     0  d2f.o(x$fpl$d2f)
    _d2f                                     0x08008629   Thumb Code    98  d2f.o(x$fpl$d2f)
    __aeabi_dadd                             0x0800868d   Thumb Code     0  daddsub_clz.o(x$fpl$dadd)
    _dadd                                    0x0800868d   Thumb Code   332  daddsub_clz.o(x$fpl$dadd)
    __fpl_dcheck_NaN1                        0x080087dd   Thumb Code    10  dcheck1.o(x$fpl$dcheck1)
    __fpl_dcmp_Inf                           0x080087ed   Thumb Code    24  dcmpi.o(x$fpl$dcmpinf)
    __aeabi_ddiv                             0x08008805   Thumb Code     0  ddiv.o(x$fpl$ddiv)
    _ddiv                                    0x08008805   Thumb Code   552  ddiv.o(x$fpl$ddiv)
    __aeabi_cdcmpeq                          0x08008ab5   Thumb Code     0  deqf.o(x$fpl$deqf)
    _dcmpeq                                  0x08008ab5   Thumb Code   120  deqf.o(x$fpl$deqf)
    __aeabi_d2uiz                            0x08008b2d   Thumb Code     0  dfixu.o(x$fpl$dfixu)
    _dfixu                                   0x08008b2d   Thumb Code    90  dfixu.o(x$fpl$dfixu)
    __aeabi_ui2d                             0x08008b87   Thumb Code     0  dflt_clz.o(x$fpl$dfltu)
    _dfltu                                   0x08008b87   Thumb Code    38  dflt_clz.o(x$fpl$dfltu)
    __aeabi_dmul                             0x08008bad   Thumb Code     0  dmul.o(x$fpl$dmul)
    _dmul                                    0x08008bad   Thumb Code   332  dmul.o(x$fpl$dmul)
    __fpl_dnaninf                            0x08008d01   Thumb Code   156  dnaninf.o(x$fpl$dnaninf)
    __fpl_dretinf                            0x08008d9d   Thumb Code    12  dretinf.o(x$fpl$dretinf)
    __aeabi_drsub                            0x08008da9   Thumb Code     0  daddsub_clz.o(x$fpl$drsb)
    _drsb                                    0x08008da9   Thumb Code    22  daddsub_clz.o(x$fpl$drsb)
    _dsqrt                                   0x08008dc1   Thumb Code   456  dsqrt_noumaal.o(x$fpl$dsqrt)
    __aeabi_dsub                             0x08008f8d   Thumb Code     0  daddsub_clz.o(x$fpl$dsub)
    _dsub                                    0x08008f8d   Thumb Code   464  daddsub_clz.o(x$fpl$dsub)
    __aeabi_f2d                              0x08009161   Thumb Code     0  f2d.o(x$fpl$f2d)
    _f2d                                     0x08009161   Thumb Code    86  f2d.o(x$fpl$f2d)
    __aeabi_fadd                             0x080091b9   Thumb Code     0  faddsub_clz.o(x$fpl$fadd)
    _fadd                                    0x080091b9   Thumb Code   196  faddsub_clz.o(x$fpl$fadd)
    __fpl_fcmp_Inf                           0x0800927d   Thumb Code    24  fcmpi.o(x$fpl$fcmpinf)
    __aeabi_fdiv                             0x08009295   Thumb Code     0  fdiv.o(x$fpl$fdiv)
    _fdiv                                    0x08009295   Thumb Code   384  fdiv.o(x$fpl$fdiv)
    __aeabi_cfcmpeq                          0x08009419   Thumb Code     0  feqf.o(x$fpl$feqf)
    _fcmpeq                                  0x08009419   Thumb Code   104  feqf.o(x$fpl$feqf)
    __aeabi_f2iz                             0x08009481   Thumb Code     0  ffix.o(x$fpl$ffix)
    _ffix                                    0x08009481   Thumb Code    54  ffix.o(x$fpl$ffix)
    __aeabi_f2uiz                            0x080094b9   Thumb Code     0  ffixu.o(x$fpl$ffixu)
    _ffixu                                   0x080094b9   Thumb Code    62  ffixu.o(x$fpl$ffixu)
    __aeabi_i2f                              0x080094f9   Thumb Code     0  fflt_clz.o(x$fpl$fflt)
    _fflt                                    0x080094f9   Thumb Code    48  fflt_clz.o(x$fpl$fflt)
    __aeabi_ui2f                             0x08009529   Thumb Code     0  fflt_clz.o(x$fpl$ffltu)
    _ffltu                                   0x08009529   Thumb Code    38  fflt_clz.o(x$fpl$ffltu)
    __aeabi_cfcmple                          0x08009551   Thumb Code     0  fleqf.o(x$fpl$fleqf)
    _fcmple                                  0x08009551   Thumb Code   104  fleqf.o(x$fpl$fleqf)
    __fpl_fcmple_InfNaN                      0x080095a3   Thumb Code     0  fleqf.o(x$fpl$fleqf)
    __aeabi_fmul                             0x080095b9   Thumb Code     0  fmul.o(x$fpl$fmul)
    _fmul                                    0x080095b9   Thumb Code   258  fmul.o(x$fpl$fmul)
    __fpl_fnaninf                            0x080096bb   Thumb Code   140  fnaninf.o(x$fpl$fnaninf)
    __fpl_fretinf                            0x08009747   Thumb Code    10  fretinf.o(x$fpl$fretinf)
    __aeabi_cfrcmple                         0x08009751   Thumb Code     0  frleqf.o(x$fpl$frleqf)
    _frcmple                                 0x08009751   Thumb Code    98  frleqf.o(x$fpl$frleqf)
    __aeabi_fsub                             0x080097b5   Thumb Code     0  faddsub_clz.o(x$fpl$fsub)
    _fsub                                    0x080097b5   Thumb Code   234  faddsub_clz.o(x$fpl$fsub)
    __fpl_return_NaN                         0x0800989f   Thumb Code   100  retnan.o(x$fpl$retnan)
    __ARM_scalbn                             0x08009903   Thumb Code    92  scalbn.o(x$fpl$scalbn)
    __fpl_cmpreturn                          0x0800995f   Thumb Code    48  trapv.o(x$fpl$trapveneer)
    __I$use$fp                               0x0800998e   Number         0  usenofp.o(x$fpl$usenofp)
    asc2_1206                                0x0800998e   Data        1140  gui.o(.constdata)
    asc2_1608                                0x08009e02   Data        1520  gui.o(.constdata)
    tfont16                                  0x0800a3f2   Data        2108  gui.o(.constdata)
    tfont24                                  0x0800ac2e   Data         518  gui.o(.constdata)
    tfont32                                  0x0800ae34   Data         520  gui.o(.constdata)
    reg                                      0x0800b03c   Data          27  inv_mpu.o(.constdata)
    hw                                       0x0800b058   Data          12  inv_mpu.o(.constdata)
    test                                     0x0800b064   Data          40  inv_mpu.o(.constdata)
    __mathlib_zero                           0x0800bd80   Data           8  qnan.o(.constdata)
    Region$$Table$$Base                      0x0800bdd8   Number         0  anon$$obj.o(Region$$Table)
    Region$$Table$$Limit                     0x0800bdf8   Number         0  anon$$obj.o(Region$$Table)
    StartTask_Handler                        0x20000000   Data           4  main.o(.data)
    PWMTask_Handler                          0x20000004   Data           4  main.o(.data)
    ReTask_Handler                           0x20000008   Data           4  main.o(.data)
    MotoshowTask_Handler                     0x2000000c   Data           4  main.o(.data)
    Us015Task_Handler                        0x20000010   Data           4  main.o(.data)
    StTask_Handler                           0x20000014   Data           4  main.o(.data)
    Mpu6050Task_Handler                      0x20000018   Data           4  main.o(.data)
    SystemCoreClock                          0x20000054   Data           4  system_stm32f10x.o(.data)
    AHBPrescTable                            0x20000058   Data          16  system_stm32f10x.o(.data)
    POINT_COLOR                              0x20000068   Data           2  lcd.o(.data)
    BACK_COLOR                               0x2000006a   Data           2  lcd.o(.data)
    DeviceCode                               0x2000006c   Data           2  lcd.o(.data)
    __stdout                                 0x200000a8   Data           4  usart.o(.data)
    USART_RX_STA                             0x200000ac   Data           2  usart.o(.data)
    pxCurrentTCB                             0x200000c8   Data           4  tasks.o(.data)
    TIM1_ICInitStructure                     0x2000013c   Data          10  timer.o(.bss)
    lcddev                                   0x20000146   Data          14  lcd.o(.bss)
    USART_RX_BUF                             0x20000164   Data         200  usart.o(.bss)
    xQueueRegistry                           0x2000022c   Data          64  queue.o(.bss)
    __libspace_start                         0x20002d78   Data          96  libspace.o(.bss)
    __temporary_stack_top$libspace           0x20002dd8   Data           0  libspace.o(.bss)



==============================================================================

Memory Map of the image

  Image Entry point : 0x080000ed

  Load Region LR_IROM1 (Base: 0x08000000, Size: 0x0000bf34, Max: 0x00010000, ABSOLUTE, COMPRESSED[0x0000be30])

    Execution Region ER_IROM1 (Exec base: 0x08000000, Load base: 0x08000000, Size: 0x0000bdf8, Max: 0x00010000, ABSOLUTE)

    Exec Addr    Load Addr    Size         Type   Attr      Idx    E Section Name        Object

    0x08000000   0x08000000   0x000000ec   Data   RO         1641    RESET               startup_stm32f10x_md.o
    0x080000ec   0x080000ec   0x00000008   Code   RO         4546  * !!!main             c_w.l(__main.o)
    0x080000f4   0x080000f4   0x00000034   Code   RO         4887    !!!scatter          c_w.l(__scatter.o)
    0x08000128   0x08000128   0x0000005a   Code   RO         4885    !!dczerorl2         c_w.l(__dczerorl2.o)
    0x08000182   0x08000182   0x00000002   PAD
    0x08000184   0x08000184   0x0000001c   Code   RO         4889    !!handler_zi        c_w.l(__scatter_zi.o)
    0x080001a0   0x080001a0   0x00000000   Code   RO         4533    .ARM.Collect$$_printf_percent$$00000000  c_w.l(_printf_percent.o)
    0x080001a0   0x080001a0   0x00000006   Code   RO         4531    .ARM.Collect$$_printf_percent$$00000009  c_w.l(_printf_d.o)
    0x080001a6   0x080001a6   0x00000006   Code   RO         4529    .ARM.Collect$$_printf_percent$$00000014  c_w.l(_printf_s.o)
    0x080001ac   0x080001ac   0x00000004   Code   RO         4641    .ARM.Collect$$_printf_percent$$00000017  c_w.l(_printf_percent_end.o)
    0x080001b0   0x080001b0   0x00000002   Code   RO         4752    .ARM.Collect$$libinit$$00000000  c_w.l(libinit.o)
    0x080001b2   0x080001b2   0x00000000   Code   RO         4762    .ARM.Collect$$libinit$$00000002  c_w.l(libinit2.o)
    0x080001b2   0x080001b2   0x00000000   Code   RO         4764    .ARM.Collect$$libinit$$00000004  c_w.l(libinit2.o)
    0x080001b2   0x080001b2   0x00000000   Code   RO         4767    .ARM.Collect$$libinit$$0000000A  c_w.l(libinit2.o)
    0x080001b2   0x080001b2   0x00000000   Code   RO         4769    .ARM.Collect$$libinit$$0000000C  c_w.l(libinit2.o)
    0x080001b2   0x080001b2   0x00000000   Code   RO         4771    .ARM.Collect$$libinit$$0000000E  c_w.l(libinit2.o)
    0x080001b2   0x080001b2   0x00000000   Code   RO         4774    .ARM.Collect$$libinit$$00000011  c_w.l(libinit2.o)
    0x080001b2   0x080001b2   0x00000000   Code   RO         4776    .ARM.Collect$$libinit$$00000013  c_w.l(libinit2.o)
    0x080001b2   0x080001b2   0x00000000   Code   RO         4778    .ARM.Collect$$libinit$$00000015  c_w.l(libinit2.o)
    0x080001b2   0x080001b2   0x00000000   Code   RO         4780    .ARM.Collect$$libinit$$00000017  c_w.l(libinit2.o)
    0x080001b2   0x080001b2   0x00000000   Code   RO         4782    .ARM.Collect$$libinit$$00000019  c_w.l(libinit2.o)
    0x080001b2   0x080001b2   0x00000000   Code   RO         4784    .ARM.Collect$$libinit$$0000001B  c_w.l(libinit2.o)
    0x080001b2   0x080001b2   0x00000000   Code   RO         4786    .ARM.Collect$$libinit$$0000001D  c_w.l(libinit2.o)
    0x080001b2   0x080001b2   0x00000000   Code   RO         4788    .ARM.Collect$$libinit$$0000001F  c_w.l(libinit2.o)
    0x080001b2   0x080001b2   0x00000000   Code   RO         4790    .ARM.Collect$$libinit$$00000021  c_w.l(libinit2.o)
    0x080001b2   0x080001b2   0x00000000   Code   RO         4792    .ARM.Collect$$libinit$$00000023  c_w.l(libinit2.o)
    0x080001b2   0x080001b2   0x00000000   Code   RO         4794    .ARM.Collect$$libinit$$00000025  c_w.l(libinit2.o)
    0x080001b2   0x080001b2   0x00000000   Code   RO         4798    .ARM.Collect$$libinit$$0000002C  c_w.l(libinit2.o)
    0x080001b2   0x080001b2   0x00000000   Code   RO         4800    .ARM.Collect$$libinit$$0000002E  c_w.l(libinit2.o)
    0x080001b2   0x080001b2   0x00000000   Code   RO         4802    .ARM.Collect$$libinit$$00000030  c_w.l(libinit2.o)
    0x080001b2   0x080001b2   0x00000000   Code   RO         4804    .ARM.Collect$$libinit$$00000032  c_w.l(libinit2.o)
    0x080001b2   0x080001b2   0x00000002   Code   RO         4805    .ARM.Collect$$libinit$$00000033  c_w.l(libinit2.o)
    0x080001b4   0x080001b4   0x00000002   Code   RO         4835    .ARM.Collect$$libshutdown$$00000000  c_w.l(libshutdown.o)
    0x080001b6   0x080001b6   0x00000000   Code   RO         4849    .ARM.Collect$$libshutdown$$00000002  c_w.l(libshutdown2.o)
    0x080001b6   0x080001b6   0x00000000   Code   RO         4851    .ARM.Collect$$libshutdown$$00000004  c_w.l(libshutdown2.o)
    0x080001b6   0x080001b6   0x00000000   Code   RO         4853    .ARM.Collect$$libshutdown$$00000006  c_w.l(libshutdown2.o)
    0x080001b6   0x080001b6   0x00000000   Code   RO         4856    .ARM.Collect$$libshutdown$$00000009  c_w.l(libshutdown2.o)
    0x080001b6   0x080001b6   0x00000000   Code   RO         4859    .ARM.Collect$$libshutdown$$0000000C  c_w.l(libshutdown2.o)
    0x080001b6   0x080001b6   0x00000000   Code   RO         4861    .ARM.Collect$$libshutdown$$0000000E  c_w.l(libshutdown2.o)
    0x080001b6   0x080001b6   0x00000000   Code   RO         4864    .ARM.Collect$$libshutdown$$00000011  c_w.l(libshutdown2.o)
    0x080001b6   0x080001b6   0x00000002   Code   RO         4865    .ARM.Collect$$libshutdown$$00000012  c_w.l(libshutdown2.o)
    0x080001b8   0x080001b8   0x00000000   Code   RO         4626    .ARM.Collect$$rtentry$$00000000  c_w.l(__rtentry.o)
    0x080001b8   0x080001b8   0x00000000   Code   RO         4699    .ARM.Collect$$rtentry$$00000002  c_w.l(__rtentry2.o)
    0x080001b8   0x080001b8   0x00000006   Code   RO         4711    .ARM.Collect$$rtentry$$00000004  c_w.l(__rtentry4.o)
    0x080001be   0x080001be   0x00000000   Code   RO         4701    .ARM.Collect$$rtentry$$00000009  c_w.l(__rtentry2.o)
    0x080001be   0x080001be   0x00000004   Code   RO         4702    .ARM.Collect$$rtentry$$0000000A  c_w.l(__rtentry2.o)
    0x080001c2   0x080001c2   0x00000000   Code   RO         4704    .ARM.Collect$$rtentry$$0000000C  c_w.l(__rtentry2.o)
    0x080001c2   0x080001c2   0x00000008   Code   RO         4705    .ARM.Collect$$rtentry$$0000000D  c_w.l(__rtentry2.o)
    0x080001ca   0x080001ca   0x00000002   Code   RO         4755    .ARM.Collect$$rtexit$$00000000  c_w.l(rtexit.o)
    0x080001cc   0x080001cc   0x00000000   Code   RO         4809    .ARM.Collect$$rtexit$$00000002  c_w.l(rtexit2.o)
    0x080001cc   0x080001cc   0x00000004   Code   RO         4810    .ARM.Collect$$rtexit$$00000003  c_w.l(rtexit2.o)
    0x080001d0   0x080001d0   0x00000006   Code   RO         4811    .ARM.Collect$$rtexit$$00000004  c_w.l(rtexit2.o)
    0x080001d6   0x080001d6   0x00000002   PAD
    0x080001d8   0x080001d8   0x00000096   Code   RO         4388    .emb_text           port.o
    0x0800026e   0x0800026e   0x00000002   PAD
    0x08000270   0x08000270   0x00000040   Code   RO         1642    .text               startup_stm32f10x_md.o
    0x080002b0   0x080002b0   0x00000002   Code   RO         4467    .text               c_w.l(use_no_semi_2.o)
    0x080002b2   0x080002b2   0x00000048   Code   RO         4469    .text               c_w.l(llsdiv.o)
    0x080002fa   0x080002fa   0x00000002   PAD
    0x080002fc   0x080002fc   0x00000018   Code   RO         4475    .text               c_w.l(noretval__2printf.o)
    0x08000314   0x08000314   0x00000052   Code   RO         4483    .text               c_w.l(_printf_str.o)
    0x08000366   0x08000366   0x00000002   PAD
    0x08000368   0x08000368   0x00000078   Code   RO         4485    .text               c_w.l(_printf_dec.o)
    0x080003e0   0x080003e0   0x00000138   Code   RO         4520    .text               c_w.l(__printf_flags_wp.o)
    0x08000518   0x08000518   0x00000058   Code   RO         4534    .text               c_w.l(memcmp.o)
    0x08000570   0x08000570   0x0000008a   Code   RO         4540    .text               c_w.l(rt_memcpy_v6.o)
    0x080005fa   0x080005fa   0x00000010   Code   RO         4542    .text               c_w.l(aeabi_memset.o)
    0x0800060a   0x0800060a   0x00000006   Code   RO         4544    .text               c_w.l(heapauxi.o)
    0x08000610   0x08000610   0x00000002   Code   RO         4624    .text               c_w.l(use_no_semi.o)
    0x08000612   0x08000612   0x000000ee   Code   RO         4627    .text               c_w.l(lludivv7m.o)
    0x08000700   0x08000700   0x00000016   Code   RO         4629    .text               c_w.l(_rserrno.o)
    0x08000716   0x08000716   0x000000b2   Code   RO         4631    .text               c_w.l(_printf_intcommon.o)
    0x080007c8   0x080007c8   0x00000030   Code   RO         4633    .text               c_w.l(_printf_char_common.o)
    0x080007f8   0x080007f8   0x0000002c   Code   RO         4637    .text               c_w.l(_printf_char.o)
    0x08000824   0x08000824   0x00000024   Code   RO         4639    .text               c_w.l(_printf_char_file.o)
    0x08000848   0x08000848   0x00000064   Code   RO         4642    .text               c_w.l(rt_memcpy_w.o)
    0x080008ac   0x080008ac   0x00000044   Code   RO         4644    .text               c_w.l(rt_memclr.o)
    0x080008f0   0x080008f0   0x00000008   Code   RO         4720    .text               c_w.l(rt_errno_addr_intlibspace.o)
    0x080008f8   0x080008f8   0x00000008   Code   RO         4724    .text               c_w.l(ferror.o)
    0x08000900   0x08000900   0x0000004e   Code   RO         4728    .text               c_w.l(rt_memclr_w.o)
    0x0800094e   0x0800094e   0x00000002   PAD
    0x08000950   0x08000950   0x00000008   Code   RO         4738    .text               c_w.l(libspace.o)
    0x08000958   0x08000958   0x0000004a   Code   RO         4741    .text               c_w.l(sys_stackheap_outer.o)
    0x080009a2   0x080009a2   0x00000012   Code   RO         4745    .text               c_w.l(exit.o)
    0x080009b4   0x080009b4   0x000000a0   Code   RO          716    i.Beep_Init         beep.o
    0x08000a54   0x08000a54   0x00000026   Code   RO          717    i.Beep_config       beep.o
    0x08000a7a   0x08000a7a   0x0000000e   Code   RO          718    i.Beep_off          beep.o
    0x08000a88   0x08000a88   0x0000000e   Code   RO          719    i.Beep_on           beep.o
    0x08000a96   0x08000a96   0x00000004   Code   RO          268    i.BusFault_Handler  stm32f10x_it.o
    0x08000a9a   0x08000a9a   0x00000002   Code   RO          269    i.DebugMon_Handler  stm32f10x_it.o
    0x08000a9c   0x08000a9c   0x000000c0   Code   RO            1    i.EXTI15_10_IRQHandler  main.o
    0x08000b5c   0x08000b5c   0x00000094   Code   RO            2    i.EXTI1_IRQHandler  main.o
    0x08000bf0   0x08000bf0   0x000000dc   Code   RO          449    i.EXTIX_Init        exti.o
    0x08000ccc   0x08000ccc   0x0000000c   Code   RO         1755    i.EXTI_ClearITPendingBit  stm32f10x_exti.o
    0x08000cd8   0x08000cd8   0x00000028   Code   RO         1759    i.EXTI_GetITStatus  stm32f10x_exti.o
    0x08000d00   0x08000d00   0x00000094   Code   RO         1760    i.EXTI_Init         stm32f10x_exti.o
    0x08000d94   0x08000d94   0x00000040   Code   RO         1985    i.GPIO_EXTILineConfig  stm32f10x_gpio.o
    0x08000dd4   0x08000dd4   0x00000116   Code   RO         1988    i.GPIO_Init         stm32f10x_gpio.o
    0x08000eea   0x08000eea   0x00000012   Code   RO         1992    i.GPIO_ReadInputDataBit  stm32f10x_gpio.o
    0x08000efc   0x08000efc   0x00000004   Code   RO         1995    i.GPIO_ResetBits    stm32f10x_gpio.o
    0x08000f00   0x08000f00   0x00000004   Code   RO         1996    i.GPIO_SetBits      stm32f10x_gpio.o
    0x08000f04   0x08000f04   0x00000108   Code   RO          463    i.GUI_DrawFont16    gui.o
    0x0800100c   0x0800100c   0x00000118   Code   RO          464    i.GUI_DrawFont24    gui.o
    0x08001124   0x08001124   0x00000108   Code   RO          465    i.GUI_DrawFont32    gui.o
    0x0800122c   0x0800122c   0x00000004   Code   RO          270    i.HardFault_Handler  stm32f10x_it.o
    0x08001230   0x08001230   0x00000060   Code   RO          598    i.LCD_Clear         lcd.o
    0x08001290   0x08001290   0x0000001c   Code   RO          599    i.LCD_DrawPoint     lcd.o
    0x080012ac   0x080012ac   0x00000074   Code   RO          472    i.LCD_Fill          gui.o
    0x08001320   0x08001320   0x0000002c   Code   RO          600    i.LCD_GPIOInit      lcd.o
    0x0800134c   0x0800134c   0x00000240   Code   RO          601    i.LCD_Init          lcd.o
    0x0800158c   0x0800158c   0x00000028   Code   RO          602    i.LCD_RESET         lcd.o
    0x080015b4   0x080015b4   0x00000014   Code   RO          603    i.LCD_SetCursor     lcd.o
    0x080015c8   0x080015c8   0x00000058   Code   RO          604    i.LCD_SetWindows    lcd.o
    0x08001620   0x08001620   0x00000124   Code   RO          473    i.LCD_ShowChar      gui.o
    0x08001744   0x08001744   0x000000b0   Code   RO          474    i.LCD_ShowNum       gui.o
    0x080017f4   0x080017f4   0x00000030   Code   RO          605    i.LCD_WR_DATA       lcd.o
    0x08001824   0x08001824   0x0000002c   Code   RO          606    i.LCD_WR_REG        lcd.o
    0x08001850   0x08001850   0x00000010   Code   RO          607    i.LCD_WriteRAM_Prepare  lcd.o
    0x08001860   0x08001860   0x00000014   Code   RO          608    i.LCD_WriteReg      lcd.o
    0x08001874   0x08001874   0x0000007c   Code   RO          609    i.LCD_direction     lcd.o
    0x080018f0   0x080018f0   0x000000a0   Code   RO          373    i.LED_Init          led.o
    0x08001990   0x08001990   0x00000038   Code   RO          610    i.Lcd_WriteData_16Bit  lcd.o
    0x080019c8   0x080019c8   0x0000004c   Code   RO         1362    i.MPU_IIC_Ack       mpuiic.o
    0x08001a14   0x08001a14   0x0000000a   Code   RO         1363    i.MPU_IIC_Delay     mpuiic.o
    0x08001a1e   0x08001a1e   0x00000002   PAD
    0x08001a20   0x08001a20   0x00000038   Code   RO         1364    i.MPU_IIC_Init      mpuiic.o
    0x08001a58   0x08001a58   0x0000004c   Code   RO         1365    i.MPU_IIC_NAck      mpuiic.o
    0x08001aa4   0x08001aa4   0x0000006c   Code   RO         1366    i.MPU_IIC_Read_Byte  mpuiic.o
    0x08001b10   0x08001b10   0x0000005c   Code   RO         1367    i.MPU_IIC_Send_Byte  mpuiic.o
    0x08001b6c   0x08001b6c   0x0000004c   Code   RO         1368    i.MPU_IIC_Start     mpuiic.o
    0x08001bb8   0x08001bb8   0x00000048   Code   RO         1369    i.MPU_IIC_Stop      mpuiic.o
    0x08001c00   0x08001c00   0x00000064   Code   RO         1370    i.MPU_IIC_Wait_Ack  mpuiic.o
    0x08001c64   0x08001c64   0x0000007a   Code   RO         1287    i.MPU_Init          mpu6050.o
    0x08001cde   0x08001cde   0x0000003a   Code   RO         1288    i.MPU_Read_Byte     mpu6050.o
    0x08001d18   0x08001d18   0x00000074   Code   RO         1289    i.MPU_Read_Len      mpu6050.o
    0x08001d8c   0x08001d8c   0x00000010   Code   RO         1290    i.MPU_Set_Accel_Fsr  mpu6050.o
    0x08001d9c   0x08001d9c   0x00000010   Code   RO         1291    i.MPU_Set_Gyro_Fsr  mpu6050.o
    0x08001dac   0x08001dac   0x0000003a   Code   RO         1292    i.MPU_Set_LPF       mpu6050.o
    0x08001de6   0x08001de6   0x0000003a   Code   RO         1293    i.MPU_Set_Rate      mpu6050.o
    0x08001e20   0x08001e20   0x00000044   Code   RO         1294    i.MPU_Write_Byte    mpu6050.o
    0x08001e64   0x08001e64   0x00000060   Code   RO         1295    i.MPU_Write_Len     mpu6050.o
    0x08001ec4   0x08001ec4   0x00000004   Code   RO          271    i.MemManage_Handler  stm32f10x_it.o
    0x08001ec8   0x08001ec8   0x00000070   Code   RO            3    i.Motoshow_task     main.o
    0x08001f38   0x08001f38   0x00000002   Code   RO          272    i.NMI_Handler       stm32f10x_it.o
    0x08001f3a   0x08001f3a   0x00000002   PAD
    0x08001f3c   0x08001f3c   0x00000070   Code   RO         1646    i.NVIC_Init         misc.o
    0x08001fac   0x08001fac   0x00000014   Code   RO         1647    i.NVIC_PriorityGroupConfig  misc.o
    0x08001fc0   0x08001fc0   0x00000020   Code   RO         2302    i.RCC_APB1PeriphClockCmd  stm32f10x_rcc.o
    0x08001fe0   0x08001fe0   0x00000020   Code   RO         2304    i.RCC_APB2PeriphClockCmd  stm32f10x_rcc.o
    0x08002000   0x08002000   0x000000d4   Code   RO         2312    i.RCC_GetClocksFreq  stm32f10x_rcc.o
    0x080020d4   0x080020d4   0x00000098   Code   RO          692    i.SPI1_Init         spi.o
    0x0800216c   0x0800216c   0x00000018   Code   RO         2595    i.SPI_Cmd           stm32f10x_spi.o
    0x08002184   0x08002184   0x0000003c   Code   RO         2608    i.SPI_Init          stm32f10x_spi.o
    0x080021c0   0x080021c0   0x00000022   Code   RO          694    i.SPI_WriteByte     spi.o
    0x080021e2   0x080021e2   0x00000008   Code   RO          339    i.SetSysClock       system_stm32f10x.o
    0x080021ea   0x080021ea   0x00000002   PAD
    0x080021ec   0x080021ec   0x000000e0   Code   RO          340    i.SetSysClockTo72   system_stm32f10x.o
    0x080022cc   0x080022cc   0x0000010c   Code   RO          476    i.Show_Str          gui.o
    0x080023d8   0x080023d8   0x00000028   Code   RO         1650    i.SysTick_CLKSourceConfig  misc.o
    0x08002400   0x08002400   0x00000010   Code   RO         1578    i.SysTick_Handler   delay.o
    0x08002410   0x08002410   0x00000060   Code   RO          342    i.SystemInit        system_stm32f10x.o
    0x08002470   0x08002470   0x00000080   Code   RO         2734    i.TI1_Config        stm32f10x_tim.o
    0x080024f0   0x080024f0   0x00000098   Code   RO         2735    i.TI2_Config        stm32f10x_tim.o
    0x08002588   0x08002588   0x00000090   Code   RO         2736    i.TI3_Config        stm32f10x_tim.o
    0x08002618   0x08002618   0x00000098   Code   RO         2737    i.TI4_Config        stm32f10x_tim.o
    0x080026b0   0x080026b0   0x000000ac   Code   RO            4    i.TIM1_CC_IRQHandler  main.o
    0x0800275c   0x0800275c   0x000000ac   Code   RO          422    i.TIM1_Cap_Init     timer.o
    0x08002808   0x08002808   0x00000040   Code   RO            5    i.TIM2_IRQHandler   main.o
    0x08002848   0x08002848   0x0000005c   Code   RO          423    i.TIM2_Int_Init     timer.o
    0x080028a4   0x080028a4   0x00000084   Code   RO          424    i.TIM3_PWM_Init     timer.o
    0x08002928   0x08002928   0x00000006   Code   RO         2745    i.TIM_ClearITPendingBit  stm32f10x_tim.o
    0x0800292e   0x0800292e   0x00000018   Code   RO         2750    i.TIM_Cmd           stm32f10x_tim.o
    0x08002946   0x08002946   0x00000006   Code   RO         2765    i.TIM_GetCapture1   stm32f10x_tim.o
    0x0800294c   0x0800294c   0x00000022   Code   RO         2771    i.TIM_GetITStatus   stm32f10x_tim.o
    0x0800296e   0x0800296e   0x00000002   PAD
    0x08002970   0x08002970   0x000000ac   Code   RO         2773    i.TIM_ICInit        stm32f10x_tim.o
    0x08002a1c   0x08002a1c   0x00000012   Code   RO         2775    i.TIM_ITConfig      stm32f10x_tim.o
    0x08002a2e   0x08002a2e   0x00000012   Code   RO         2781    i.TIM_OC1PolarityConfig  stm32f10x_tim.o
    0x08002a40   0x08002a40   0x000000a0   Code   RO         2789    i.TIM_OC3Init       stm32f10x_tim.o
    0x08002ae0   0x08002ae0   0x00000012   Code   RO         2792    i.TIM_OC3PreloadConfig  stm32f10x_tim.o
    0x08002af2   0x08002af2   0x00000004   Code   RO         2813    i.TIM_SetCompare3   stm32f10x_tim.o
    0x08002af6   0x08002af6   0x00000004   Code   RO         2815    i.TIM_SetCounter    stm32f10x_tim.o
    0x08002afa   0x08002afa   0x00000012   Code   RO         2816    i.TIM_SetIC1Prescaler  stm32f10x_tim.o
    0x08002b0c   0x08002b0c   0x0000001a   Code   RO         2817    i.TIM_SetIC2Prescaler  stm32f10x_tim.o
    0x08002b26   0x08002b26   0x00000012   Code   RO         2818    i.TIM_SetIC3Prescaler  stm32f10x_tim.o
    0x08002b38   0x08002b38   0x0000001a   Code   RO         2819    i.TIM_SetIC4Prescaler  stm32f10x_tim.o
    0x08002b52   0x08002b52   0x00000002   PAD
    0x08002b54   0x08002b54   0x000000a4   Code   RO         2821    i.TIM_TimeBaseInit  stm32f10x_tim.o
    0x08002bf8   0x08002bf8   0x00000088   Code   RO         1534    i.USART1_IRQHandler  usart.o
    0x08002c80   0x08002c80   0x00000018   Code   RO         3286    i.USART_Cmd         stm32f10x_usart.o
    0x08002c98   0x08002c98   0x00000012   Code   RO         3287    i.USART_DMACmd      stm32f10x_usart.o
    0x08002caa   0x08002caa   0x00000054   Code   RO         3290    i.USART_GetITStatus  stm32f10x_usart.o
    0x08002cfe   0x08002cfe   0x00000002   PAD
    0x08002d00   0x08002d00   0x000000d8   Code   RO         3293    i.USART_Init        stm32f10x_usart.o
    0x08002dd8   0x08002dd8   0x0000000a   Code   RO         3300    i.USART_ReceiveData  stm32f10x_usart.o
    0x08002de2   0x08002de2   0x00000004   Code   RO          273    i.UsageFault_Handler  stm32f10x_it.o
    0x08002de6   0x08002de6   0x00000028   Code   RO         4685    i.__ARM_fpclassify  m_ws.l(fpclassify.o)
    0x08002e0e   0x08002e0e   0x000000aa   Code   RO         4687    i.__kernel_poly     m_ws.l(poly.o)
    0x08002eb8   0x08002eb8   0x00000006   Code   RO         4672    i.__mathlib_dbl_infnan  m_ws.l(dunder.o)
    0x08002ebe   0x08002ebe   0x00000004   Code   RO         4673    i.__mathlib_dbl_infnan2  m_ws.l(dunder.o)
    0x08002ec2   0x08002ec2   0x0000000c   Code   RO         4674    i.__mathlib_dbl_invalid  m_ws.l(dunder.o)
    0x08002ece   0x08002ece   0x00000002   PAD
    0x08002ed0   0x08002ed0   0x00000010   Code   RO         4677    i.__mathlib_dbl_underflow  m_ws.l(dunder.o)
    0x08002ee0   0x08002ee0   0x0000000e   Code   RO         4518    i._is_digit         c_w.l(__printf_wp.o)
    0x08002eee   0x08002eee   0x00000004   Code   RO         1535    i._sys_exit         usart.o
    0x08002ef2   0x08002ef2   0x00000002   PAD
    0x08002ef4   0x08002ef4   0x000000a8   Code   RO          770    i.accel_self_test   inv_mpu.o
    0x08002f9c   0x08002f9c   0x00000270   Code   RO         4607    i.asin              m_ws.l(asin.o)
    0x0800320c   0x0800320c   0x00000220   Code   RO         4662    i.atan              m_ws.l(atan.o)
    0x0800342c   0x0800342c   0x0000019c   Code   RO         4617    i.atan2             m_ws.l(atan2.o)
    0x080035c8   0x080035c8   0x00000064   Code   RO         1098    i.decode_gesture    inv_mpu_dmp_motion_driver.o
    0x0800362c   0x0800362c   0x0000005c   Code   RO         1579    i.delay_init        delay.o
    0x08003688   0x08003688   0x00000040   Code   RO         1580    i.delay_ms          delay.o
    0x080036c8   0x080036c8   0x00000048   Code   RO         1581    i.delay_us          delay.o
    0x08003710   0x08003710   0x00000018   Code   RO         1582    i.delay_xms         delay.o
    0x08003728   0x08003728   0x0000003c   Code   RO         1099    i.dmp_enable_6x_lp_quat  inv_mpu_dmp_motion_driver.o
    0x08003764   0x08003764   0x0000021c   Code   RO         1100    i.dmp_enable_feature  inv_mpu_dmp_motion_driver.o
    0x08003980   0x08003980   0x00000058   Code   RO         1101    i.dmp_enable_gyro_cal  inv_mpu_dmp_motion_driver.o
    0x080039d8   0x080039d8   0x0000003c   Code   RO         1102    i.dmp_enable_lp_quat  inv_mpu_dmp_motion_driver.o
    0x08003a14   0x08003a14   0x00000018   Code   RO         1107    i.dmp_load_motion_driver_firmware  inv_mpu_dmp_motion_driver.o
    0x08003a2c   0x08003a2c   0x000001cc   Code   RO         1108    i.dmp_read_fifo     inv_mpu_dmp_motion_driver.o
    0x08003bf8   0x08003bf8   0x00000130   Code   RO         1111    i.dmp_set_accel_bias  inv_mpu_dmp_motion_driver.o
    0x08003d28   0x08003d28   0x00000070   Code   RO         1112    i.dmp_set_fifo_rate  inv_mpu_dmp_motion_driver.o
    0x08003d98   0x08003d98   0x00000130   Code   RO         1113    i.dmp_set_gyro_bias  inv_mpu_dmp_motion_driver.o
    0x08003ec8   0x08003ec8   0x00000138   Code   RO         1115    i.dmp_set_orientation  inv_mpu_dmp_motion_driver.o
    0x08004000   0x08004000   0x00000038   Code   RO         1118    i.dmp_set_shake_reject_thresh  inv_mpu_dmp_motion_driver.o
    0x08004038   0x08004038   0x00000026   Code   RO         1119    i.dmp_set_shake_reject_time  inv_mpu_dmp_motion_driver.o
    0x0800405e   0x0800405e   0x00000026   Code   RO         1120    i.dmp_set_shake_reject_timeout  inv_mpu_dmp_motion_driver.o
    0x08004084   0x08004084   0x00000046   Code   RO         1121    i.dmp_set_tap_axes  inv_mpu_dmp_motion_driver.o
    0x080040ca   0x080040ca   0x00000026   Code   RO         1122    i.dmp_set_tap_count  inv_mpu_dmp_motion_driver.o
    0x080040f0   0x080040f0   0x000001a0   Code   RO         1123    i.dmp_set_tap_thresh  inv_mpu_dmp_motion_driver.o
    0x08004290   0x08004290   0x00000026   Code   RO         1124    i.dmp_set_tap_time  inv_mpu_dmp_motion_driver.o
    0x080042b6   0x080042b6   0x00000026   Code   RO         1125    i.dmp_set_tap_time_multi  inv_mpu_dmp_motion_driver.o
    0x080042dc   0x080042dc   0x0000001c   Code   RO         1536    i.fputc             usart.o
    0x080042f8   0x080042f8   0x000000b4   Code   RO          771    i.get_accel_prod_shift  inv_mpu.o
    0x080043ac   0x080043ac   0x0000046c   Code   RO          772    i.get_st_biases     inv_mpu.o
    0x08004818   0x08004818   0x00000110   Code   RO          773    i.gyro_self_test    inv_mpu.o
    0x08004928   0x08004928   0x00000028   Code   RO          774    i.inv_orientation_matrix_to_scalar  inv_mpu.o
    0x08004950   0x08004950   0x0000004e   Code   RO          775    i.inv_row_2_scale   inv_mpu.o
    0x0800499e   0x0800499e   0x00000026   Code   RO          374    i.led_config        led.o
    0x080049c4   0x080049c4   0x0000000e   Code   RO          375    i.led_off           led.o
    0x080049d2   0x080049d2   0x0000000e   Code   RO          376    i.led_on            led.o
    0x080049e0   0x080049e0   0x0000009c   Code   RO            6    i.main              main.o
    0x08004a7c   0x08004a7c   0x00000002   Code   RO          776    i.mget_ms           inv_mpu.o
    0x08004a7e   0x08004a7e   0x00000002   PAD
    0x08004a80   0x08004a80   0x00000134   Code   RO            7    i.mpu6050_task      main.o
    0x08004bb4   0x08004bb4   0x00000070   Code   RO          777    i.mpu_configure_fifo  inv_mpu.o
    0x08004c24   0x08004c24   0x00000224   Code   RO          778    i.mpu_dmp_get_data  inv_mpu.o
    0x08004e48   0x08004e48   0x000000a0   Code   RO          779    i.mpu_dmp_init      inv_mpu.o
    0x08004ee8   0x08004ee8   0x0000004c   Code   RO          780    i.mpu_get_accel_fsr  inv_mpu.o
    0x08004f34   0x08004f34   0x00000054   Code   RO          782    i.mpu_get_accel_sens  inv_mpu.o
    0x08004f88   0x08004f88   0x00000010   Code   RO          787    i.mpu_get_fifo_config  inv_mpu.o
    0x08004f98   0x08004f98   0x00000044   Code   RO          788    i.mpu_get_gyro_fsr  inv_mpu.o
    0x08004fdc   0x08004fdc   0x00000050   Code   RO          790    i.mpu_get_gyro_sens  inv_mpu.o
    0x0800502c   0x0800502c   0x00000050   Code   RO          792    i.mpu_get_lpf       inv_mpu.o
    0x0800507c   0x0800507c   0x00000020   Code   RO          794    i.mpu_get_sample_rate  inv_mpu.o
    0x0800509c   0x0800509c   0x000001f0   Code   RO          796    i.mpu_init          inv_mpu.o
    0x0800528c   0x0800528c   0x000000b8   Code   RO          797    i.mpu_load_firmware  inv_mpu.o
    0x08005344   0x08005344   0x000000e0   Code   RO          798    i.mpu_lp_accel_mode  inv_mpu.o
    0x08005424   0x08005424   0x000000c0   Code   RO          801    i.mpu_read_fifo_stream  inv_mpu.o
    0x080054e4   0x080054e4   0x00000080   Code   RO          802    i.mpu_read_mem      inv_mpu.o
    0x08005564   0x08005564   0x000001c8   Code   RO          805    i.mpu_reset_fifo    inv_mpu.o
    0x0800572c   0x0800572c   0x0000011c   Code   RO          806    i.mpu_run_self_test  inv_mpu.o
    0x08005848   0x08005848   0x00000084   Code   RO          808    i.mpu_set_accel_fsr  inv_mpu.o
    0x080058cc   0x080058cc   0x0000014c   Code   RO          809    i.mpu_set_bypass    inv_mpu.o
    0x08005a18   0x08005a18   0x00000090   Code   RO          811    i.mpu_set_dmp_state  inv_mpu.o
    0x08005aa8   0x08005aa8   0x00000088   Code   RO          812    i.mpu_set_gyro_fsr  inv_mpu.o
    0x08005b30   0x08005b30   0x0000006c   Code   RO          813    i.mpu_set_int_latched  inv_mpu.o
    0x08005b9c   0x08005b9c   0x00000084   Code   RO          815    i.mpu_set_lpf       inv_mpu.o
    0x08005c20   0x08005c20   0x0000009c   Code   RO          816    i.mpu_set_sample_rate  inv_mpu.o
    0x08005cbc   0x08005cbc   0x000000d0   Code   RO          817    i.mpu_set_sensors   inv_mpu.o
    0x08005d8c   0x08005d8c   0x00000080   Code   RO          818    i.mpu_write_mem     inv_mpu.o
    0x08005e0c   0x08005e0c   0x00000016   Code   RO          480    i.mypow             gui.o
    0x08005e22   0x08005e22   0x00000002   PAD
    0x08005e24   0x08005e24   0x00000098   Code   RO         3849    i.prvAddCurrentTaskToDelayedList  tasks.o
    0x08005ebc   0x08005ebc   0x000000b8   Code   RO         3850    i.prvAddNewTaskToReadyList  tasks.o
    0x08005f74   0x08005f74   0x00000064   Code   RO         4209    i.prvCheckForValidListAndQueue  timers.o
    0x08005fd8   0x08005fd8   0x00000064   Code   RO         3851    i.prvCheckTasksWaitingTermination  tasks.o
    0x0800603c   0x0800603c   0x0000002a   Code   RO         3619    i.prvCopyDataFromQueue  queue.o
    0x08006066   0x08006066   0x0000007c   Code   RO         3620    i.prvCopyDataToQueue  queue.o
    0x080060e2   0x080060e2   0x00000012   Code   RO         3852    i.prvDeleteTCB      tasks.o
    0x080060f4   0x080060f4   0x00000028   Code   RO         4210    i.prvGetNextExpireTime  timers.o
    0x0800611c   0x0800611c   0x0000007c   Code   RO         4339    i.prvHeapInit       heap_4.o
    0x08006198   0x08006198   0x00000028   Code   RO         3853    i.prvIdleTask       tasks.o
    0x080061c0   0x080061c0   0x0000002e   Code   RO         3622    i.prvInitialiseNewQueue  queue.o
    0x080061ee   0x080061ee   0x00000002   PAD
    0x080061f0   0x080061f0   0x000000d0   Code   RO         3854    i.prvInitialiseNewTask  tasks.o
    0x080062c0   0x080062c0   0x00000068   Code   RO         3855    i.prvInitialiseTaskLists  tasks.o
    0x08006328   0x08006328   0x00000068   Code   RO         4340    i.prvInsertBlockIntoFreeList  heap_4.o
    0x08006390   0x08006390   0x00000058   Code   RO         4212    i.prvInsertTimerInActiveList  timers.o
    0x080063e8   0x080063e8   0x0000001a   Code   RO         3623    i.prvIsQueueEmpty   queue.o
    0x08006402   0x08006402   0x0000001e   Code   RO         3624    i.prvIsQueueFull    queue.o
    0x08006420   0x08006420   0x000000a0   Code   RO         3625    i.prvNotifyQueueSetContainer  queue.o
    0x080064c0   0x080064c0   0x00000080   Code   RO         4213    i.prvProcessExpiredTimer  timers.o
    0x08006540   0x08006540   0x0000012c   Code   RO         4214    i.prvProcessReceivedCommands  timers.o
    0x0800666c   0x0800666c   0x00000074   Code   RO         4215    i.prvProcessTimerOrBlockTask  timers.o
    0x080066e0   0x080066e0   0x00000034   Code   RO         3857    i.prvResetNextTaskUnblockTime  tasks.o
    0x08006714   0x08006714   0x0000002c   Code   RO         4216    i.prvSampleTimeNow  timers.o
    0x08006740   0x08006740   0x000000bc   Code   RO         4217    i.prvSwitchTimerLists  timers.o
    0x080067fc   0x080067fc   0x00000070   Code   RO         4389    i.prvTaskExitError  port.o
    0x0800686c   0x0800686c   0x0000001a   Code   RO         4218    i.prvTimerTask      timers.o
    0x08006886   0x08006886   0x00000092   Code   RO         3626    i.prvUnlockQueue    queue.o
    0x08006918   0x08006918   0x00000154   Code   RO         4341    i.pvPortMalloc      heap_4.o
    0x08006a6c   0x08006a6c   0x00000020   Code   RO         3861    i.pvTaskIncrementMutexHeldCount  tasks.o
    0x08006a8c   0x08006a8c   0x00000028   Code   RO            8    i.pwm_task          main.o
    0x08006ab4   0x08006ab4   0x00000024   Code   RO         4390    i.pxPortInitialiseStack  port.o
    0x08006ad8   0x08006ad8   0x00000028   Code   RO            9    i.reverse_task      main.o
    0x08006b00   0x08006b00   0x00000094   Code   RO          819    i.run_self_test     inv_mpu.o
    0x08006b94   0x08006b94   0x00000090   Code   RO          820    i.set_int_enable    inv_mpu.o
    0x08006c24   0x08006c24   0x0000004c   Code   RO         4691    i.sqrt              m_ws.l(sqrt.o)
    0x08006c70   0x08006c70   0x00000018   Code   RO           10    i.st_task           main.o
    0x08006c88   0x08006c88   0x00000170   Code   RO           11    i.start_task        main.o
    0x08006df8   0x08006df8   0x000000a0   Code   RO         1537    i.uart_init         usart.o
    0x08006e98   0x08006e98   0x000000a0   Code   RO          746    i.us105Init         us105.o
    0x08006f38   0x08006f38   0x0000001c   Code   RO          747    i.us105_Start       us105.o
    0x08006f54   0x08006f54   0x00000020   Code   RO          748    i.us105_config      us105.o
    0x08006f74   0x08006f74   0x000000bc   Code   RO           12    i.us105_task        main.o
    0x08007030   0x08007030   0x00000028   Code   RO         3582    i.uxListRemove      list.o
    0x08007058   0x08007058   0x0000001a   Code   RO         3583    i.vListInitialise   list.o
    0x08007072   0x08007072   0x00000006   Code   RO         3584    i.vListInitialiseItem  list.o
    0x08007078   0x08007078   0x00000034   Code   RO         3585    i.vListInsert       list.o
    0x080070ac   0x080070ac   0x00000018   Code   RO         3586    i.vListInsertEnd    list.o
    0x080070c4   0x080070c4   0x00000088   Code   RO         4392    i.vPortEnterCritical  port.o
    0x0800714c   0x0800714c   0x00000070   Code   RO         4393    i.vPortExitCritical  port.o
    0x080071bc   0x080071bc   0x000000b8   Code   RO         4342    i.vPortFree         heap_4.o
    0x08007274   0x08007274   0x00000020   Code   RO         4394    i.vPortSetupTimerInterrupt  port.o
    0x08007294   0x08007294   0x000000a0   Code   RO         4395    i.vPortValidateInterruptPriority  port.o
    0x08007334   0x08007334   0x0000002c   Code   RO         3632    i.vQueueAddToRegistry  queue.o
    0x08007360   0x08007360   0x0000004a   Code   RO         3636    i.vQueueWaitForMessageRestricted  queue.o
    0x080073aa   0x080073aa   0x00000002   PAD
    0x080073ac   0x080073ac   0x00000074   Code   RO         3869    i.vTaskDelay        tasks.o
    0x08007420   0x08007420   0x0000010c   Code   RO         3871    i.vTaskDelete       tasks.o
    0x0800752c   0x0800752c   0x0000000c   Code   RO         3875    i.vTaskMissedYield  tasks.o
    0x08007538   0x08007538   0x00000054   Code   RO         3877    i.vTaskPlaceOnEventList  tasks.o
    0x0800758c   0x0800758c   0x0000005c   Code   RO         3878    i.vTaskPlaceOnEventListRestricted  tasks.o
    0x080075e8   0x080075e8   0x000000b0   Code   RO         3880    i.vTaskPriorityInherit  tasks.o
    0x08007698   0x08007698   0x0000004c   Code   RO         3884    i.vTaskSetTimeOutState  tasks.o
    0x080076e4   0x080076e4   0x000000ac   Code   RO         3885    i.vTaskStartScheduler  tasks.o
    0x08007790   0x08007790   0x00000010   Code   RO         3887    i.vTaskSuspendAll   tasks.o
    0x080077a0   0x080077a0   0x000000a8   Code   RO         3888    i.vTaskSwitchContext  tasks.o
    0x08007848   0x08007848   0x000000a0   Code   RO         4396    i.xPortStartScheduler  port.o
    0x080078e8   0x080078e8   0x00000034   Code   RO         4397    i.xPortSysTickHandler  port.o
    0x0800791c   0x0800791c   0x00000074   Code   RO         3641    i.xQueueGenericCreate  queue.o
    0x08007990   0x08007990   0x000001c8   Code   RO         3642    i.xQueueGenericReceive  queue.o
    0x08007b58   0x08007b58   0x000000b0   Code   RO         3643    i.xQueueGenericReset  queue.o
    0x08007c08   0x08007c08   0x000001c4   Code   RO         3644    i.xQueueGenericSend  queue.o
    0x08007dcc   0x08007dcc   0x00000110   Code   RO         3645    i.xQueueGenericSendFromISR  queue.o
    0x08007edc   0x08007edc   0x000000fc   Code   RO         3646    i.xQueueGiveFromISR  queue.o
    0x08007fd8   0x08007fd8   0x000000a0   Code   RO         3889    i.xTaskCheckForTimeOut  tasks.o
    0x08008078   0x08008078   0x00000060   Code   RO         3890    i.xTaskCreate       tasks.o
    0x080080d8   0x080080d8   0x00000020   Code   RO         3894    i.xTaskGetSchedulerState  tasks.o
    0x080080f8   0x080080f8   0x0000000c   Code   RO         3895    i.xTaskGetTickCount  tasks.o
    0x08008104   0x08008104   0x00000160   Code   RO         3897    i.xTaskIncrementTick  tasks.o
    0x08008264   0x08008264   0x000000d8   Code   RO         3900    i.xTaskPriorityDisinherit  tasks.o
    0x0800833c   0x0800833c   0x000000b4   Code   RO         3901    i.xTaskRemoveFromEventList  tasks.o
    0x080083f0   0x080083f0   0x00000120   Code   RO         3903    i.xTaskResumeAll    tasks.o
    0x08008510   0x08008510   0x00000074   Code   RO         4222    i.xTimerCreateTimerTask  timers.o
    0x08008584   0x08008584   0x000000a4   Code   RO         4223    i.xTimerGenericCommand  timers.o
    0x08008628   0x08008628   0x00000062   Code   RO         4548    x$fpl$d2f           fz_ws.l(d2f.o)
    0x0800868a   0x0800868a   0x00000002   PAD
    0x0800868c   0x0800868c   0x00000150   Code   RO         4550    x$fpl$dadd          fz_ws.l(daddsub_clz.o)
    0x080087dc   0x080087dc   0x00000010   Code   RO         4730    x$fpl$dcheck1       fz_ws.l(dcheck1.o)
    0x080087ec   0x080087ec   0x00000018   Code   RO         4732    x$fpl$dcmpinf       fz_ws.l(dcmpi.o)
    0x08008804   0x08008804   0x000002b0   Code   RO         4557    x$fpl$ddiv          fz_ws.l(ddiv.o)
    0x08008ab4   0x08008ab4   0x00000078   Code   RO         4646    x$fpl$deqf          fz_ws.l(deqf.o)
    0x08008b2c   0x08008b2c   0x0000005a   Code   RO         4560    x$fpl$dfixu         fz_ws.l(dfixu.o)
    0x08008b86   0x08008b86   0x00000026   Code   RO         4564    x$fpl$dfltu         fz_ws.l(dflt_clz.o)
    0x08008bac   0x08008bac   0x00000154   Code   RO         4570    x$fpl$dmul          fz_ws.l(dmul.o)
    0x08008d00   0x08008d00   0x0000009c   Code   RO         4648    x$fpl$dnaninf       fz_ws.l(dnaninf.o)
    0x08008d9c   0x08008d9c   0x0000000c   Code   RO         4650    x$fpl$dretinf       fz_ws.l(dretinf.o)
    0x08008da8   0x08008da8   0x00000016   Code   RO         4551    x$fpl$drsb          fz_ws.l(daddsub_clz.o)
    0x08008dbe   0x08008dbe   0x00000002   PAD
    0x08008dc0   0x08008dc0   0x000001cc   Code   RO         4736    x$fpl$dsqrt         fz_ws.l(dsqrt_noumaal.o)
    0x08008f8c   0x08008f8c   0x000001d4   Code   RO         4552    x$fpl$dsub          fz_ws.l(daddsub_clz.o)
    0x08009160   0x08009160   0x00000056   Code   RO         4572    x$fpl$f2d           fz_ws.l(f2d.o)
    0x080091b6   0x080091b6   0x00000002   PAD
    0x080091b8   0x080091b8   0x000000c4   Code   RO         4574    x$fpl$fadd          fz_ws.l(faddsub_clz.o)
    0x0800927c   0x0800927c   0x00000018   Code   RO         4652    x$fpl$fcmpinf       fz_ws.l(fcmpi.o)
    0x08009294   0x08009294   0x00000184   Code   RO         4581    x$fpl$fdiv          fz_ws.l(fdiv.o)
    0x08009418   0x08009418   0x00000068   Code   RO         4584    x$fpl$feqf          fz_ws.l(feqf.o)
    0x08009480   0x08009480   0x00000036   Code   RO         4586    x$fpl$ffix          fz_ws.l(ffix.o)
    0x080094b6   0x080094b6   0x00000002   PAD
    0x080094b8   0x080094b8   0x0000003e   Code   RO         4590    x$fpl$ffixu         fz_ws.l(ffixu.o)
    0x080094f6   0x080094f6   0x00000002   PAD
    0x080094f8   0x080094f8   0x00000030   Code   RO         4595    x$fpl$fflt          fz_ws.l(fflt_clz.o)
    0x08009528   0x08009528   0x00000026   Code   RO         4594    x$fpl$ffltu         fz_ws.l(fflt_clz.o)
    0x0800954e   0x0800954e   0x00000002   PAD
    0x08009550   0x08009550   0x00000068   Code   RO         4600    x$fpl$fleqf         fz_ws.l(fleqf.o)
    0x080095b8   0x080095b8   0x00000102   Code   RO         4602    x$fpl$fmul          fz_ws.l(fmul.o)
    0x080096ba   0x080096ba   0x0000008c   Code   RO         4654    x$fpl$fnaninf       fz_ws.l(fnaninf.o)
    0x08009746   0x08009746   0x0000000a   Code   RO         4656    x$fpl$fretinf       fz_ws.l(fretinf.o)
    0x08009750   0x08009750   0x00000062   Code   RO         4604    x$fpl$frleqf        fz_ws.l(frleqf.o)
    0x080097b2   0x080097b2   0x00000002   PAD
    0x080097b4   0x080097b4   0x000000ea   Code   RO         4576    x$fpl$fsub          fz_ws.l(faddsub_clz.o)
    0x0800989e   0x0800989e   0x00000064   Code   RO         4753    x$fpl$retnan        fz_ws.l(retnan.o)
    0x08009902   0x08009902   0x0000005c   Code   RO         4658    x$fpl$scalbn        fz_ws.l(scalbn.o)
    0x0800995e   0x0800995e   0x00000030   Code   RO         4806    x$fpl$trapveneer    fz_ws.l(trapv.o)
    0x0800998e   0x0800998e   0x00000000   Code   RO         4660    x$fpl$usenofp       fz_ws.l(usenofp.o)
    0x0800998e   0x0800998e   0x000016ae   Data   RO          481    .constdata          gui.o
    0x0800b03c   0x0800b03c   0x00000050   Data   RO          822    .constdata          inv_mpu.o
    0x0800b08c   0x0800b08c   0x00000bf6   Data   RO         1127    .constdata          inv_mpu_dmp_motion_driver.o
    0x0800bc82   0x0800bc82   0x00000011   Data   RO         4521    .constdata          c_w.l(__printf_flags_wp.o)
    0x0800bc93   0x0800bc93   0x00000005   PAD
    0x0800bc98   0x0800bc98   0x00000050   Data   RO         4608    .constdata          m_ws.l(asin.o)
    0x0800bce8   0x0800bce8   0x00000098   Data   RO         4663    .constdata          m_ws.l(atan.o)
    0x0800bd80   0x0800bd80   0x00000008   Data   RO         4689    .constdata          m_ws.l(qnan.o)
    0x0800bd88   0x0800bd88   0x0000004d   Data   RO          823    .conststring        inv_mpu.o
    0x0800bdd5   0x0800bdd5   0x00000003   PAD
    0x0800bdd8   0x0800bdd8   0x00000020   Data   RO         4883    Region$$Table       anon$$obj.o


    Execution Region RW_IRAM1 (Exec base: 0x20000000, Load base: 0x0800bdf8, Size: 0x000033d8, Max: 0x00005000, ABSOLUTE, COMPRESSED[0x00000038])

    Exec Addr    Load Addr    Size         Type   Attr      Idx    E Section Name        Object

    0x20000000   COMPRESSED   0x00000054   Data   RW           13    .data               main.o
    0x20000054   COMPRESSED   0x00000014   Data   RW          343    .data               system_stm32f10x.o
    0x20000068   COMPRESSED   0x00000006   Data   RW          612    .data               lcd.o
    0x2000006e   COMPRESSED   0x00000002   PAD
    0x20000070   COMPRESSED   0x00000035   Data   RW          824    .data               inv_mpu.o
    0x200000a5   COMPRESSED   0x00000003   PAD
    0x200000a8   COMPRESSED   0x00000006   Data   RW         1539    .data               usart.o
    0x200000ae   COMPRESSED   0x00000004   Data   RW         1583    .data               delay.o
    0x200000b2   COMPRESSED   0x00000014   Data   RW         2332    .data               stm32f10x_rcc.o
    0x200000c6   COMPRESSED   0x00000002   PAD
    0x200000c8   COMPRESSED   0x0000003c   Data   RW         3906    .data               tasks.o
    0x20000104   COMPRESSED   0x00000014   Data   RW         4231    .data               timers.o
    0x20000118   COMPRESSED   0x00000018   Data   RW         4347    .data               heap_4.o
    0x20000130   COMPRESSED   0x0000000c   Data   RW         4398    .data               port.o
    0x2000013c        -       0x0000000a   Zero   RW          425    .bss                timer.o
    0x20000146        -       0x0000000e   Zero   RW          611    .bss                lcd.o
    0x20000154        -       0x00000010   Zero   RW         1126    .bss                inv_mpu_dmp_motion_driver.o
    0x20000164        -       0x000000c8   Zero   RW         1538    .bss                usart.o
    0x2000022c        -       0x00000040   Zero   RW         3656    .bss                queue.o
    0x2000026c        -       0x000002e4   Zero   RW         3905    .bss                tasks.o
    0x20000550        -       0x00000028   Zero   RW         4230    .bss                timers.o
    0x20000578        -       0x00002800   Zero   RW         4346    .bss                heap_4.o
    0x20002d78        -       0x00000060   Zero   RW         4739    .bss                c_w.l(libspace.o)
    0x20002dd8        -       0x00000200   Zero   RW         1640    HEAP                startup_stm32f10x_md.o
    0x20002fd8        -       0x00000400   Zero   RW         1639    STACK               startup_stm32f10x_md.o


==============================================================================

Image component sizes


      Code (inc. data)   RO Data    RW Data    ZI Data      Debug   Object Name

       226         30          0          0          0       2879   beep.o
       268         26          0          4          0       3253   delay.o
         0          0          0          0          0      10608   event_groups.o
       220          6          0          0          0        729   exti.o
      1682         70       5806          0          0      10536   gui.o
       752        176          0         24      10240       4235   heap_4.o
      6860        288        157         53          0      33312   inv_mpu.o
      3096        122       3062          0         16      21966   inv_mpu_dmp_motion_driver.o
      1200         68          0          6         14       9833   lcd.o
       226         30          0          0          0       2835   led.o
       148          0          0          0          0       3434   list.o
      1812        424          0         84          0     285397   main.o
       172         22          0          0          0       2321   misc.o
       608          0          0          0          0       6887   mpu6050.o
       666        100          0          0          0       5434   mpuiic.o
       950        320          0         12          0      10929   port.o
      2416        274          0          0         64      15153   queue.o
       186          8          0          0          0       1652   spi.o
        64         26        236          0       1536        848   startup_stm32f10x_md.o
       200         18          0          0          0       2376   stm32f10x_exti.o
       368          4          0          0          0       4670   stm32f10x_gpio.o
        20          0          0          0          0       2873   stm32f10x_it.o
       276         32          0         20          0       4770   stm32f10x_rcc.o
        84          0          0          0          0       2325   stm32f10x_spi.o
      1292        160          0          0          0      14421   stm32f10x_tim.o
       352          6          0          0          0       5144   stm32f10x_usart.o
         0          0          0          0          0         32   sys.o
       328         28          0         20          0       2417   system_stm32f10x.o
      3406        878          0         60        740      30679   tasks.o
       396         24          0          0         10       2691   timer.o
      1310        312          0         20         40       9303   timers.o
       220         30          0          0          0       2333   us105.o
       328         28          0          6        200       4540   usart.o

    ----------------------------------------------------------------------
     30156       3510       9296        316      12860     520815   Object Totals
         0          0         32          0          0          0   (incl. Generated)
        24          0          3          7          0          0   (incl. Padding)

    ----------------------------------------------------------------------

      Code (inc. data)   RO Data    RW Data    ZI Data      Debug   Library Member Name

        90          0          0          0          0          0   __dczerorl2.o
         8          0          0          0          0         68   __main.o
       312          4         17          0          0         92   __printf_flags_wp.o
        14          0          0          0          0         68   __printf_wp.o
         0          0          0          0          0          0   __rtentry.o
        12          0          0          0          0          0   __rtentry2.o
         6          0          0          0          0          0   __rtentry4.o
        52          8          0          0          0          0   __scatter.o
        28          0          0          0          0          0   __scatter_zi.o
        44          0          0          0          0        108   _printf_char.o
        48          6          0          0          0         96   _printf_char_common.o
        36          4          0          0          0         80   _printf_char_file.o
         6          0          0          0          0          0   _printf_d.o
       120         16          0          0          0         92   _printf_dec.o
       178          0          0          0          0         88   _printf_intcommon.o
         0          0          0          0          0          0   _printf_percent.o
         4          0          0          0          0          0   _printf_percent_end.o
         6          0          0          0          0          0   _printf_s.o
        82          0          0          0          0         80   _printf_str.o
        22          0          0          0          0        100   _rserrno.o
        16          0          0          0          0         68   aeabi_memset.o
        18          0          0          0          0         80   exit.o
         8          0          0          0          0         68   ferror.o
         6          0          0          0          0        152   heapauxi.o
         2          0          0          0          0          0   libinit.o
         2          0          0          0          0          0   libinit2.o
         2          0          0          0          0          0   libshutdown.o
         2          0          0          0          0          0   libshutdown2.o
         8          4          0          0         96         68   libspace.o
        72          0          0          0          0         76   llsdiv.o
       238          0          0          0          0        100   lludivv7m.o
        88          0          0          0          0         76   memcmp.o
        24          4          0          0          0         84   noretval__2printf.o
         8          4          0          0          0         68   rt_errno_addr_intlibspace.o
        68          0          0          0          0         68   rt_memclr.o
        78          0          0          0          0         80   rt_memclr_w.o
       138          0          0          0          0         68   rt_memcpy_v6.o
       100          0          0          0          0         80   rt_memcpy_w.o
         2          0          0          0          0          0   rtexit.o
        10          0          0          0          0          0   rtexit2.o
        74          0          0          0          0         80   sys_stackheap_outer.o
         2          0          0          0          0         68   use_no_semi.o
         2          0          0          0          0         68   use_no_semi_2.o
        98          4          0          0          0         92   d2f.o
       826         16          0          0          0        348   daddsub_clz.o
        16          4          0          0          0         68   dcheck1.o
        24          0          0          0          0         68   dcmpi.o
       688        140          0          0          0        208   ddiv.o
       120          4          0          0          0         92   deqf.o
        90          4          0          0          0         92   dfixu.o
        38          0          0          0          0         68   dflt_clz.o
       340         12          0          0          0        104   dmul.o
       156          4          0          0          0         92   dnaninf.o
        12          0          0          0          0         68   dretinf.o
       460         56          0          0          0        120   dsqrt_noumaal.o
        86          4          0          0          0         84   f2d.o
       430          8          0          0          0        168   faddsub_clz.o
        24          0          0          0          0         68   fcmpi.o
       388         76          0          0          0         96   fdiv.o
       104          4          0          0          0         84   feqf.o
        54          4          0          0          0         84   ffix.o
        62          4          0          0          0         84   ffixu.o
        86          0          0          0          0        136   fflt_clz.o
       104          4          0          0          0         84   fleqf.o
       258          4          0          0          0         84   fmul.o
       140          4          0          0          0         84   fnaninf.o
        10          0          0          0          0         68   fretinf.o
        98          0          0          0          0         68   frleqf.o
       100          0          0          0          0         68   retnan.o
        92          0          0          0          0         68   scalbn.o
        48          0          0          0          0         68   trapv.o
         0          0          0          0          0          0   usenofp.o
       624         52         80          0          0        168   asin.o
       544         70        152          0          0        124   atan.o
       412         38          0          0          0        144   atan2.o
        38          6          0          0          0        272   dunder.o
        40          0          0          0          0         68   fpclassify.o
       170          0          0          0          0         96   poly.o
         0          0          8          0          0          0   qnan.o
        76          0          0          0          0         84   sqrt.o

    ----------------------------------------------------------------------
      8918        572        262          0         96       5996   Library Totals
        26          0          5          0          0          0   (incl. Padding)

    ----------------------------------------------------------------------

      Code (inc. data)   RO Data    RW Data    ZI Data      Debug   Library Name

      2036         50         17          0         96       2224   c_w.l
      4952        356          0          0          0       2816   fz_ws.l
      1904        166        240          0          0        956   m_ws.l

    ----------------------------------------------------------------------
      8918        572        262          0         96       5996   Library Totals

    ----------------------------------------------------------------------

==============================================================================


      Code (inc. data)   RO Data    RW Data    ZI Data      Debug   

     39074       4082       9558        316      12956     510583   Grand Totals
     39074       4082       9558         56      12956     510583   ELF Image Totals (compressed)
     39074       4082       9558         56          0          0   ROM Totals

==============================================================================

    Total RO  Size (Code + RO Data)                48632 (  47.49kB)
    Total RW  Size (RW Data + ZI Data)             13272 (  12.96kB)
    Total ROM Size (Code + RO Data + RW Data)      48688 (  47.55kB)

==============================================================================

